Component: ARM Compiler 5.06 update 6 (build 750) Tool: armlink [4d35ed]

==============================================================================

Section Cross References

    project.o(i.BACKLEDControl) refers to rtx_delay.o(.text.osDelay) for osDelay
    project.o(i.BACKLEDControl) refers to project.o(.data) for check
    project.o(i.BuzzerControl) refers to project.o(i.mod_value) for mod_value
    project.o(i.BuzzerControl) refers to rtx_delay.o(.text.osDelay) for osDelay
    project.o(i.BuzzerControl) refers to idiv.o(.text) for __aeabi_idivmod
    project.o(i.BuzzerControl) refers to project.o(.data) for data
    project.o(i.FRONTLEDControl) refers to project.o(i.__ARM_common_switch8) for __ARM_common_switch8
    project.o(i.FRONTLEDControl) refers to rtx_mutex.o(.text.osMutexAcquire) for osMutexAcquire
    project.o(i.FRONTLEDControl) refers to rtx_mutex.o(.text.osMutexRelease) for osMutexRelease
    project.o(i.FRONTLEDControl) refers to rtx_delay.o(.text.osDelay) for osDelay
    project.o(i.FRONTLEDControl) refers to project.o(.data) for check
    project.o(i.Q_Dequeue) refers to project.o(i.Q_Empty) for Q_Empty
    project.o(i.Q_Enqueue) refers to project.o(i.Q_Full) for Q_Full
    project.o(i.UART2_IRQHandler) refers to project.o(i.__NVIC_ClearPendingIRQ) for __NVIC_ClearPendingIRQ
    project.o(i.UART2_IRQHandler) refers to project.o(.data) for data
    project.o(i.initPWM) refers to project.o(i.mod_value) for mod_value
    project.o(i.initUART2) refers to uidiv.o(.text) for __aeabi_uidivmod
    project.o(i.initUART2) refers to project.o(i.__NVIC_SetPriority) for __NVIC_SetPriority
    project.o(i.initUART2) refers to project.o(i.__NVIC_ClearPendingIRQ) for __NVIC_ClearPendingIRQ
    project.o(i.initUART2) refers to project.o(i.Q_Init) for Q_Init
    project.o(i.initUART2) refers to project.o(.bss) for RxQ
    project.o(i.main) refers to project.o(i.initPWM) for initPWM
    project.o(i.main) refers to project.o(i.initLED) for initLED
    project.o(i.main) refers to project.o(i.initUART2) for initUART2
    project.o(i.main) refers to rtx_kernel.o(.text.osKernelInitialize) for osKernelInitialize
    project.o(i.main) refers to rtx_mutex.o(.text.osMutexNew) for osMutexNew
    project.o(i.main) refers to memcpya.o(.text) for __aeabi_memcpy4
    project.o(i.main) refers to rtx_thread.o(.text.osThreadNew) for osThreadNew
    project.o(i.main) refers to rtx_kernel.o(.text.osKernelStart) for osKernelStart
    project.o(i.main) refers to project.o(.data) for myMutex
    project.o(i.main) refers to project.o(.constdata) for .constdata
    project.o(i.main) refers to project.o(i.BuzzerControl) for BuzzerControl
    project.o(i.main) refers to project.o(i.motorControl) for motorControl
    project.o(i.main) refers to project.o(i.BACKLEDControl) for BACKLEDControl
    project.o(i.main) refers to project.o(i.FRONTLEDControl) for FRONTLEDControl
    project.o(i.mod_value) refers to uidiv.o(.text) for __aeabi_uidivmod
    project.o(i.motorControl) refers to rtx_mutex.o(.text.osMutexAcquire) for osMutexAcquire
    project.o(i.motorControl) refers to project.o(i.offGreen) for offGreen
    project.o(i.motorControl) refers to rtx_delay.o(.text.osDelay) for osDelay
    project.o(i.motorControl) refers to project.o(i.onGreen) for onGreen
    project.o(i.motorControl) refers to rtx_mutex.o(.text.osMutexRelease) for osMutexRelease
    project.o(i.motorControl) refers to project.o(i.mod_value) for mod_value
    project.o(i.motorControl) refers to fflti.o(.text) for __aeabi_i2f
    project.o(i.motorControl) refers to fmul.o(.text) for __aeabi_fmul
    project.o(i.motorControl) refers to ffixui.o(.text) for __aeabi_f2uiz
    project.o(i.motorControl) refers to ffltui.o(.text) for __aeabi_ui2f
    project.o(i.motorControl) refers to fadd.o(.text) for __aeabi_fsub
    project.o(i.motorControl) refers to f2d.o(.text) for __aeabi_f2d
    project.o(i.motorControl) refers to ddiv.o(.text) for __aeabi_ddiv
    project.o(i.motorControl) refers to d2f.o(.text) for __aeabi_d2f
    project.o(i.motorControl) refers to idiv.o(.text) for __aeabi_idivmod
    project.o(i.motorControl) refers to dflti.o(.text) for __aeabi_i2d
    project.o(i.motorControl) refers to project.o(.data) for data
    cmsis_os1.o(i.osMailAlloc) refers to rtx_mempool.o(.text.osMemoryPoolAlloc) for osMemoryPoolAlloc
    cmsis_os1.o(i.osMailCAlloc) refers to rtx_mempool.o(.text.osMemoryPoolGetBlockSize) for osMemoryPoolGetBlockSize
    cmsis_os1.o(i.osMailCAlloc) refers to rtx_mempool.o(.text.osMemoryPoolAlloc) for osMemoryPoolAlloc
    cmsis_os1.o(i.osMailCAlloc) refers to memseta.o(.text) for __aeabi_memclr
    cmsis_os1.o(i.osMailCreate) refers to rtx_mempool.o(.text.osMemoryPoolNew) for osMemoryPoolNew
    cmsis_os1.o(i.osMailCreate) refers to rtx_msgqueue.o(.text.osMessageQueueNew) for osMessageQueueNew
    cmsis_os1.o(i.osMailCreate) refers to rtx_mempool.o(.text.osMemoryPoolDelete) for osMemoryPoolDelete
[...]
    Removing rtx_thread.o(.ARM.exidx.text.osRtxThreadListGet), (8 bytes).
    Removing rtx_thread.o(.ARM.exidx.text.osRtxThreadListSort), (8 bytes).
    Removing rtx_thread.o(.ARM.exidx.text.osRtxThreadListRemove), (8 bytes).
    Removing rtx_thread.o(.ARM.exidx.text.osRtxThreadReadyPut), (8 bytes).
    Removing rtx_thread.o(.ARM.exidx.text.osRtxThreadDelayTick), (8 bytes).
    Removing rtx_thread.o(.ARM.exidx.text.osRtxThreadRegPtr), (8 bytes).
    Removing rtx_thread.o(.ARM.exidx.text.osRtxThreadSwitch), (8 bytes).
    Removing rtx_thread.o(.ARM.exidx.text.osRtxThreadStackCheck), (8 bytes).
    Removing rtx_thread.o(.ARM.exidx.text.osRtxThreadDispatch), (8 bytes).
    Removing rtx_thread.o(.ARM.exidx.text.osRtxThreadBlock), (8 bytes).
    Removing rtx_thread.o(.ARM.exidx.text.osRtxThreadWaitExit), (8 bytes).
    Removing rtx_thread.o(.ARM.exidx.text.osRtxThreadDelayRemove), (8 bytes).
    Removing rtx_thread.o(.ARM.exidx.text.osRtxThreadWaitEnter), (8 bytes).
    Removing rtx_thread.o(.ARM.exidx.text.osRtxThreadDelayInsert), (8 bytes).
    Removing rtx_thread.o(.ARM.exidx.text.osRtxThreadStartup), (8 bytes).
    Removing rtx_thread.o(.ARM.exidx.text.svcRtxThreadNew), (8 bytes).
    Removing rtx_thread.o(.ARM.exidx.text.osThreadNew), (8 bytes).
    Removing rtx_thread.o(.text.osThreadGetName), (36 bytes).
    Removing rtx_thread.o(.ARM.exidx.text.osThreadGetName), (8 bytes).
    Removing rtx_thread.o(.text.osThreadGetId), (40 bytes).
    Removing rtx_thread.o(.ARM.exidx.text.osThreadGetId), (8 bytes).
    Removing rtx_thread.o(.text.svcRtxThreadGetId), (12 bytes).
    Removing rtx_thread.o(.ARM.exidx.text.svcRtxThreadGetId), (8 bytes).
    Removing rtx_thread.o(.text.osThreadGetState), (40 bytes).
    Removing rtx_thread.o(.ARM.exidx.text.osThreadGetState), (8 bytes).
    Removing rtx_thread.o(.text.osThreadGetStackSize), (36 bytes).
    Removing rtx_thread.o(.ARM.exidx.text.osThreadGetStackSize), (8 bytes).
    Removing rtx_thread.o(.text.osThreadGetStackSpace), (36 bytes).
    Removing rtx_thread.o(.ARM.exidx.text.osThreadGetStackSpace), (8 bytes).
    Removing rtx_thread.o(.text.osThreadSetPriority), (40 bytes).
    Removing rtx_thread.o(.ARM.exidx.text.osThreadSetPriority), (8 bytes).
    Removing rtx_thread.o(.text.osThreadGetPriority), (40 bytes).
    Removing rtx_thread.o(.ARM.exidx.text.osThreadGetPriority), (8 bytes).
    Removing rtx_thread.o(.text.osThreadYield), (36 bytes).
    Removing rtx_thread.o(.ARM.exidx.text.osThreadYield), (8 bytes).
    Removing rtx_thread.o(.text.osThreadSuspend), (40 bytes).
    Removing rtx_thread.o(.ARM.exidx.text.osThreadSuspend), (8 bytes).
    Removing rtx_thread.o(.text.osThreadResume), (40 bytes).
    Removing rtx_thread.o(.ARM.exidx.text.osThreadResume), (8 bytes).
    Removing rtx_thread.o(.text.osThreadDetach), (40 bytes).
    Removing rtx_thread.o(.ARM.exidx.text.osThreadDetach), (8 bytes).
    Removing rtx_thread.o(.text.osThreadJoin), (40 bytes).
    Removing rtx_thread.o(.ARM.exidx.text.osThreadJoin), (8 bytes).
    Removing rtx_thread.o(.ARM.exidx.text.osThreadExit), (8 bytes).
    Removing rtx_thread.o(.text.osThreadTerminate), (40 bytes).
    Removing rtx_thread.o(.ARM.exidx.text.osThreadTerminate), (8 bytes).
    Removing rtx_thread.o(.text.osThreadGetCount), (32 bytes).
    Removing rtx_thread.o(.ARM.exidx.text.osThreadGetCount), (8 bytes).
    Removing rtx_thread.o(.text.osThreadEnumerate), (36 bytes).
    Removing rtx_thread.o(.ARM.exidx.text.osThreadEnumerate), (8 bytes).
    Removing rtx_thread.o(.text.osThreadFlagsSet), (88 bytes).
    Removing rtx_thread.o(.ARM.exidx.text.osThreadFlagsSet), (8 bytes).
    Removing rtx_thread.o(.text.osThreadFlagsClear), (40 bytes).
    Removing rtx_thread.o(.ARM.exidx.text.osThreadFlagsClear), (8 bytes).
    Removing rtx_thread.o(.text.osThreadFlagsGet), (32 bytes).
    Removing rtx_thread.o(.ARM.exidx.text.osThreadFlagsGet), (8 bytes).
    Removing rtx_thread.o(.text.osThreadFlagsWait), (40 bytes).
    Removing rtx_thread.o(.ARM.exidx.text.osThreadFlagsWait), (8 bytes).
    Removing rtx_thread.o(.ARM.exidx.text.osRtxThreadPostProcess), (8 bytes).
    Removing rtx_thread.o(.ARM.exidx.text.ThreadFlagsCheck), (8 bytes).
    Removing rtx_thread.o(.text.svcRtxThreadGetName), (18 bytes).
    Removing rtx_thread.o(.ARM.exidx.text.svcRtxThreadGetName), (8 bytes).
    Removing rtx_thread.o(.text.svcRtxThreadGetState), (24 bytes).
    Removing rtx_thread.o(.ARM.exidx.text.svcRtxThreadGetState), (8 bytes).
    Removing rtx_thread.o(.text.svcRtxThreadGetStackSize), (18 bytes).
    Removing rtx_thread.o(.ARM.exidx.text.svcRtxThreadGetStackSize), (8 bytes).
    Removing rtx_thread.o(.text.svcRtxThreadGetStackSpace), (68 bytes).
    Removing rtx_thread.o(.ARM.exidx.text.svcRtxThreadGetStackSpace), (8 bytes).
    Removing rtx_thread.o(.text.svcRtxThreadSetPriority), (72 bytes).
    Removing rtx_thread.o(.ARM.exidx.text.svcRtxThreadSetPriority), (8 bytes).
    Removing rtx_thread.o(.text.svcRtxThreadGetPriority), (28 bytes).
    Removing rtx_thread.o(.ARM.exidx.text.svcRtxThreadGetPriority), (8 bytes).
    Removing rtx_thread.o(.text.svcRtxThreadYield), (56 bytes).
    Removing rtx_thread.o(.ARM.exidx.text.svcRtxThreadYield), (8 bytes).
    Removing rtx_thread.o(.text.svcRtxThreadSuspend), (136 bytes).
    Removing rtx_thread.o(.ARM.exidx.text.svcRtxThreadSuspend), (8 bytes).
    Removing rtx_thread.o(.text.svcRtxThreadResume), (54 bytes).
    Removing rtx_thread.o(.ARM.exidx.text.svcRtxThreadResume), (8 bytes).
    Removing rtx_thread.o(.text.svcRtxThreadDetach), (58 bytes).
    Removing rtx_thread.o(.ARM.exidx.text.svcRtxThreadDetach), (8 bytes).
    Removing rtx_thread.o(.text.osRtxThreadListUnlink), (36 bytes).
    Removing rtx_thread.o(.ARM.exidx.text.osRtxThreadListUnlink), (8 bytes).
    Removing rtx_thread.o(.ARM.exidx.text.osRtxThreadFree), (8 bytes).
    Removing rtx_thread.o(.text.svcRtxThreadJoin), (92 bytes).
    Removing rtx_thread.o(.ARM.exidx.text.svcRtxThreadJoin), (8 bytes).
    Removing rtx_thread.o(.ARM.exidx.text.svcRtxThreadExit), (8 bytes).
    Removing rtx_thread.o(.text.svcRtxThreadTerminate), (188 bytes).
    Removing rtx_thread.o(.ARM.exidx.text.svcRtxThreadTerminate), (8 bytes).
    Removing rtx_thread.o(.text.svcRtxThreadGetCount), (56 bytes).
    Removing rtx_thread.o(.ARM.exidx.text.svcRtxThreadGetCount), (8 bytes).
    Removing rtx_thread.o(.text.svcRtxThreadEnumerate), (96 bytes).
    Removing rtx_thread.o(.ARM.exidx.text.svcRtxThreadEnumerate), (8 bytes).
    Removing rtx_thread.o(.text.svcRtxThreadFlagsSet), (108 bytes).
    Removing rtx_thread.o(.ARM.exidx.text.svcRtxThreadFlagsSet), (8 bytes).
    Removing rtx_thread.o(.text.svcRtxThreadFlagsClear), (56 bytes).
    Removing rtx_thread.o(.ARM.exidx.text.svcRtxThreadFlagsClear), (8 bytes).
    Removing rtx_thread.o(.text.svcRtxThreadFlagsGet), (20 bytes).
    Removing rtx_thread.o(.ARM.exidx.text.svcRtxThreadFlagsGet), (8 bytes).
    Removing rtx_thread.o(.text.svcRtxThreadFlagsWait), (80 bytes).
    Removing rtx_thread.o(.ARM.exidx.text.svcRtxThreadFlagsWait), (8 bytes).
    Removing rtx_delay.o(.text), (0 bytes).
    Removing rtx_delay.o(.ARM.exidx.text.osDelay), (8 bytes).
    Removing rtx_delay.o(.text.osDelayUntil), (40 bytes).
    Removing rtx_delay.o(.ARM.exidx.text.osDelayUntil), (8 bytes).
    Removing rtx_delay.o(.ARM.exidx.text.svcRtxDelay), (8 bytes).
    Removing rtx_delay.o(.text.svcRtxDelayUntil), (32 bytes).
    Removing rtx_delay.o(.ARM.exidx.text.svcRtxDelayUntil), (8 bytes).
    Removing rtx_timer.o(.text), (0 bytes).
    Removing rtx_timer.o(.ARM.exidx.text.osRtxTimerThread), (8 bytes).
    Removing rtx_timer.o(.ARM.exidx.text.osRtxTimerTick), (8 bytes).
    Removing rtx_timer.o(.text.osTimerNew), (36 bytes).
    Removing rtx_timer.o(.ARM.exidx.text.osTimerNew), (8 bytes).
    Removing rtx_timer.o(.text.osTimerGetName), (36 bytes).
    Removing rtx_timer.o(.ARM.exidx.text.osTimerGetName), (8 bytes).
    Removing rtx_timer.o(.text.osTimerStart), (40 bytes).
    Removing rtx_timer.o(.ARM.exidx.text.osTimerStart), (8 bytes).
    Removing rtx_timer.o(.text.osTimerStop), (40 bytes).
    Removing rtx_timer.o(.ARM.exidx.text.osTimerStop), (8 bytes).
    Removing rtx_timer.o(.text.osTimerIsRunning), (36 bytes).
    Removing rtx_timer.o(.ARM.exidx.text.osTimerIsRunning), (8 bytes).
    Removing rtx_timer.o(.text.osTimerDelete), (40 bytes).
    Removing rtx_timer.o(.ARM.exidx.text.osTimerDelete), (8 bytes).
    Removing rtx_timer.o(.ARM.exidx.text.TimerInsert), (8 bytes).
    Removing rtx_timer.o(.text.svcRtxTimerNew), (132 bytes).
    Removing rtx_timer.o(.ARM.exidx.text.svcRtxTimerNew), (8 bytes).
    Removing rtx_timer.o(.text.svcRtxTimerGetName), (18 bytes).
    Removing rtx_timer.o(.ARM.exidx.text.svcRtxTimerGetName), (8 bytes).
    Removing rtx_timer.o(.text.svcRtxTimerStart), (72 bytes).
    Removing rtx_timer.o(.ARM.exidx.text.svcRtxTimerStart), (8 bytes).
    Removing rtx_timer.o(.text.TimerRemove), (40 bytes).
    Removing rtx_timer.o(.ARM.exidx.text.TimerRemove), (8 bytes).
    Removing rtx_timer.o(.text.svcRtxTimerStop), (42 bytes).
    Removing rtx_timer.o(.ARM.exidx.text.svcRtxTimerStop), (8 bytes).
    Removing rtx_timer.o(.text.svcRtxTimerIsRunning), (24 bytes).
    Removing rtx_timer.o(.ARM.exidx.text.svcRtxTimerIsRunning), (8 bytes).
    Removing rtx_timer.o(.text.svcRtxTimerDelete), (76 bytes).
    Removing rtx_timer.o(.ARM.exidx.text.svcRtxTimerDelete), (8 bytes).
    Removing rtx_mutex.o(.text), (0 bytes).
    Removing rtx_mutex.o(.ARM.exidx.text.osRtxMutexOwnerRelease), (8 bytes).
    Removing rtx_mutex.o(.ARM.exidx.text.osMutexNew), (8 bytes).
    Removing rtx_mutex.o(.text.osMutexGetName), (36 bytes).
    Removing rtx_mutex.o(.ARM.exidx.text.osMutexGetName), (8 bytes).
    Removing rtx_mutex.o(.ARM.exidx.text.osMutexAcquire), (8 bytes).
    Removing rtx_mutex.o(.ARM.exidx.text.osMutexRelease), (8 bytes).
    Removing rtx_mutex.o(.text.osMutexGetOwner), (36 bytes).
    Removing rtx_mutex.o(.ARM.exidx.text.osMutexGetOwner), (8 bytes).
    Removing rtx_mutex.o(.text.osMutexDelete), (40 bytes).
    Removing rtx_mutex.o(.ARM.exidx.text.osMutexDelete), (8 bytes).
    Removing rtx_mutex.o(.ARM.exidx.text.svcRtxMutexNew), (8 bytes).
    Removing rtx_mutex.o(.text.svcRtxMutexGetName), (18 bytes).
    Removing rtx_mutex.o(.ARM.exidx.text.svcRtxMutexGetName), (8 bytes).
    Removing rtx_mutex.o(.ARM.exidx.text.svcRtxMutexAcquire), (8 bytes).
    Removing rtx_mutex.o(.ARM.exidx.text.svcRtxMutexRelease), (8 bytes).
    Removing rtx_mutex.o(.text.svcRtxMutexGetOwner), (24 bytes).
    Removing rtx_mutex.o(.ARM.exidx.text.svcRtxMutexGetOwner), (8 bytes).
    Removing rtx_mutex.o(.text.svcRtxMutexDelete), (188 bytes).
    Removing rtx_mutex.o(.ARM.exidx.text.svcRtxMutexDelete), (8 bytes).
    Removing rtx_semaphore.o(.text), (0 bytes).
    Removing rtx_semaphore.o(.text.osSemaphoreNew), (36 bytes).
    Removing rtx_semaphore.o(.ARM.exidx.text.osSemaphoreNew), (8 bytes).
    Removing rtx_semaphore.o(.text.osSemaphoreGetName), (36 bytes).
    Removing rtx_semaphore.o(.ARM.exidx.text.osSemaphoreGetName), (8 bytes).
    Removing rtx_semaphore.o(.text.osSemaphoreAcquire), (68 bytes).
    Removing rtx_semaphore.o(.ARM.exidx.text.osSemaphoreAcquire), (8 bytes).
    Removing rtx_semaphore.o(.text.osSemaphoreRelease), (76 bytes).
    Removing rtx_semaphore.o(.ARM.exidx.text.osSemaphoreRelease), (8 bytes).
    Removing rtx_semaphore.o(.text.osSemaphoreGetCount), (48 bytes).
    Removing rtx_semaphore.o(.ARM.exidx.text.osSemaphoreGetCount), (8 bytes).
    Removing rtx_semaphore.o(.text.svcRtxSemaphoreGetCount), (18 bytes).
    Removing rtx_semaphore.o(.ARM.exidx.text.svcRtxSemaphoreGetCount), (8 bytes).
    Removing rtx_semaphore.o(.text.osSemaphoreDelete), (40 bytes).
    Removing rtx_semaphore.o(.ARM.exidx.text.osSemaphoreDelete), (8 bytes).
    Removing rtx_semaphore.o(.text.svcRtxSemaphoreNew), (136 bytes).
    Removing rtx_semaphore.o(.ARM.exidx.text.svcRtxSemaphoreNew), (8 bytes).
    Removing rtx_semaphore.o(.text.osRtxSemaphorePostProcess), (36 bytes).
    Removing rtx_semaphore.o(.ARM.exidx.text.osRtxSemaphorePostProcess), (8 bytes).
    Removing rtx_semaphore.o(.text.SemaphoreTokenDecrement), (36 bytes).
    Removing rtx_semaphore.o(.ARM.exidx.text.SemaphoreTokenDecrement), (8 bytes).
    Removing rtx_semaphore.o(.text.svcRtxSemaphoreGetName), (18 bytes).
    Removing rtx_semaphore.o(.ARM.exidx.text.svcRtxSemaphoreGetName), (8 bytes).
    Removing rtx_semaphore.o(.text.svcRtxSemaphoreAcquire), (76 bytes).
    Removing rtx_semaphore.o(.ARM.exidx.text.svcRtxSemaphoreAcquire), (8 bytes).
    Removing rtx_semaphore.o(.text.SemaphoreTokenIncrement), (38 bytes).
    Removing rtx_semaphore.o(.ARM.exidx.text.SemaphoreTokenIncrement), (8 bytes).
    Removing rtx_semaphore.o(.text.svcRtxSemaphoreRelease), (56 bytes).
    Removing rtx_semaphore.o(.ARM.exidx.text.svcRtxSemaphoreRelease), (8 bytes).
    Removing rtx_semaphore.o(.text.svcRtxSemaphoreDelete), (96 bytes).
    Removing rtx_semaphore.o(.ARM.exidx.text.svcRtxSemaphoreDelete), (8 bytes).
    Removing rtx_mempool.o(.text), (0 bytes).
    Removing rtx_mempool.o(.ARM.exidx.text.osRtxMemoryPoolInit), (8 bytes).
    Removing rtx_mempool.o(.ARM.exidx.text.osRtxMemoryPoolAlloc), (8 bytes).
    Removing rtx_mempool.o(.ARM.exidx.text.osRtxMemoryPoolFree), (8 bytes).
    Removing rtx_mempool.o(.text.osMemoryPoolNew), (36 bytes).
    Removing rtx_mempool.o(.ARM.exidx.text.osMemoryPoolNew), (8 bytes).
    Removing rtx_mempool.o(.text.osMemoryPoolGetName), (36 bytes).
    Removing rtx_mempool.o(.ARM.exidx.text.osMemoryPoolGetName), (8 bytes).
    Removing rtx_mempool.o(.text.osMemoryPoolAlloc), (56 bytes).
    Removing rtx_mempool.o(.ARM.exidx.text.osMemoryPoolAlloc), (8 bytes).
    Removing rtx_mempool.o(.text.osMemoryPoolFree), (72 bytes).
    Removing rtx_mempool.o(.ARM.exidx.text.osMemoryPoolFree), (8 bytes).
    Removing rtx_mempool.o(.text.osMemoryPoolGetCapacity), (48 bytes).
    Removing rtx_mempool.o(.ARM.exidx.text.osMemoryPoolGetCapacity), (8 bytes).
    Removing rtx_mempool.o(.text.svcRtxMemoryPoolGetCapacity), (18 bytes).
    Removing rtx_mempool.o(.ARM.exidx.text.svcRtxMemoryPoolGetCapacity), (8 bytes).
    Removing rtx_mempool.o(.text.osMemoryPoolGetBlockSize), (48 bytes).
    Removing rtx_mempool.o(.ARM.exidx.text.osMemoryPoolGetBlockSize), (8 bytes).
    Removing rtx_mempool.o(.text.svcRtxMemoryPoolGetBlockSize), (18 bytes).
    Removing rtx_mempool.o(.ARM.exidx.text.svcRtxMemoryPoolGetBlockSize), (8 bytes).
    Removing rtx_mempool.o(.text.osMemoryPoolGetCount), (48 bytes).
    Removing rtx_mempool.o(.ARM.exidx.text.osMemoryPoolGetCount), (8 bytes).
    Removing rtx_mempool.o(.text.svcRtxMemoryPoolGetCount), (18 bytes).
    Removing rtx_mempool.o(.ARM.exidx.text.svcRtxMemoryPoolGetCount), (8 bytes).
    Removing rtx_mempool.o(.text.osMemoryPoolGetSpace), (36 bytes).
    Removing rtx_mempool.o(.ARM.exidx.text.osMemoryPoolGetSpace), (8 bytes).
    Removing rtx_mempool.o(.text.svcRtxMemoryPoolGetSpace), (22 bytes).
    Removing rtx_mempool.o(.ARM.exidx.text.svcRtxMemoryPoolGetSpace), (8 bytes).
    Removing rtx_mempool.o(.text.osMemoryPoolDelete), (40 bytes).
    Removing rtx_mempool.o(.ARM.exidx.text.osMemoryPoolDelete), (8 bytes).
    Removing rtx_mempool.o(.text.svcRtxMemoryPoolNew), (444 bytes).
    Removing rtx_mempool.o(.ARM.exidx.text.svcRtxMemoryPoolNew), (8 bytes).
    Removing rtx_mempool.o(.text.osRtxMemoryPoolPostProcess), (40 bytes).
    Removing rtx_mempool.o(.ARM.exidx.text.osRtxMemoryPoolPostProcess), (8 bytes).
    Removing rtx_mempool.o(.text.svcRtxMemoryPoolGetName), (18 bytes).
    Removing rtx_mempool.o(.ARM.exidx.text.svcRtxMemoryPoolGetName), (8 bytes).
    Removing rtx_mempool.o(.text.svcRtxMemoryPoolAlloc), (64 bytes).
    Removing rtx_mempool.o(.ARM.exidx.text.svcRtxMemoryPoolAlloc), (8 bytes).
    Removing rtx_mempool.o(.text.svcRtxMemoryPoolFree), (72 bytes).
    Removing rtx_mempool.o(.ARM.exidx.text.svcRtxMemoryPoolFree), (8 bytes).
    Removing rtx_mempool.o(.text.svcRtxMemoryPoolDelete), (112 bytes).
    Removing rtx_mempool.o(.ARM.exidx.text.svcRtxMemoryPoolDelete), (8 bytes).
    Removing rtx_msgqueue.o(.text), (0 bytes).
    Removing rtx_msgqueue.o(.ARM.exidx.text.osMessageQueueNew), (8 bytes).
    Removing rtx_msgqueue.o(.text.osMessageQueueGetName), (36 bytes).
    Removing rtx_msgqueue.o(.ARM.exidx.text.osMessageQueueGetName), (8 bytes).
    Removing rtx_msgqueue.o(.ARM.exidx.text.osMessageQueuePut), (8 bytes).
    Removing rtx_msgqueue.o(.ARM.exidx.text.osMessageQueueGet), (8 bytes).
    Removing rtx_msgqueue.o(.text.osMessageQueueGetCapacity), (48 bytes).
    Removing rtx_msgqueue.o(.ARM.exidx.text.osMessageQueueGetCapacity), (8 bytes).
    Removing rtx_msgqueue.o(.text.svcRtxMessageQueueGetCapacity), (18 bytes).
    Removing rtx_msgqueue.o(.ARM.exidx.text.svcRtxMessageQueueGetCapacity), (8 bytes).
    Removing rtx_msgqueue.o(.text.osMessageQueueGetMsgSize), (48 bytes).
    Removing rtx_msgqueue.o(.ARM.exidx.text.osMessageQueueGetMsgSize), (8 bytes).
    Removing rtx_msgqueue.o(.text.svcRtxMessageQueueGetMsgSize), (18 bytes).
    Removing rtx_msgqueue.o(.ARM.exidx.text.svcRtxMessageQueueGetMsgSize), (8 bytes).
    Removing rtx_msgqueue.o(.text.osMessageQueueGetCount), (48 bytes).
    Removing rtx_msgqueue.o(.ARM.exidx.text.osMessageQueueGetCount), (8 bytes).
    Removing rtx_msgqueue.o(.text.svcRtxMessageQueueGetCount), (18 bytes).
    Removing rtx_msgqueue.o(.ARM.exidx.text.svcRtxMessageQueueGetCount), (8 bytes).
    Removing rtx_msgqueue.o(.text.osMessageQueueGetSpace), (36 bytes).
    Removing rtx_msgqueue.o(.ARM.exidx.text.osMessageQueueGetSpace), (8 bytes).
    Removing rtx_msgqueue.o(.text.svcRtxMessageQueueGetSpace), (22 bytes).
    Removing rtx_msgqueue.o(.ARM.exidx.text.svcRtxMessageQueueGetSpace), (8 bytes).
    Removing rtx_msgqueue.o(.text.osMessageQueueReset), (40 bytes).
    Removing rtx_msgqueue.o(.ARM.exidx.text.osMessageQueueReset), (8 bytes).
    Removing rtx_msgqueue.o(.text.osMessageQueueDelete), (40 bytes).
    Removing rtx_msgqueue.o(.ARM.exidx.text.osMessageQueueDelete), (8 bytes).
    Removing rtx_msgqueue.o(.ARM.exidx.text.svcRtxMessageQueueNew), (8 bytes).
    Removing rtx_msgqueue.o(.ARM.exidx.text.osRtxMessageQueuePostProcess), (8 bytes).
    Removing rtx_msgqueue.o(.ARM.exidx.text.MessageQueueRemove), (8 bytes).
    Removing rtx_msgqueue.o(.ARM.exidx.text.MessageQueuePut), (8 bytes).
    Removing rtx_msgqueue.o(.text.svcRtxMessageQueueGetName), (18 bytes).
    Removing rtx_msgqueue.o(.ARM.exidx.text.svcRtxMessageQueueGetName), (8 bytes).
    Removing rtx_msgqueue.o(.ARM.exidx.text.svcRtxMessageQueuePut), (8 bytes).
    Removing rtx_msgqueue.o(.ARM.exidx.text.MessageQueueGet), (8 bytes).
    Removing rtx_msgqueue.o(.ARM.exidx.text.svcRtxMessageQueueGet), (8 bytes).
    Removing rtx_msgqueue.o(.text.svcRtxMessageQueueReset), (162 bytes).
    Removing rtx_msgqueue.o(.ARM.exidx.text.svcRtxMessageQueueReset), (8 bytes).
    Removing rtx_msgqueue.o(.text.svcRtxMessageQueueDelete), (112 bytes).
    Removing rtx_msgqueue.o(.ARM.exidx.text.svcRtxMessageQueueDelete), (8 bytes).
    Removing irq_cm0.o(.constdata), (1 bytes).
    Removing rtx_memory.o(.text), (0 bytes).
    Removing rtx_memory.o(.ARM.exidx.text.osRtxMemoryInit), (8 bytes).
    Removing rtx_memory.o(.ARM.exidx.text.osRtxMemoryAlloc), (8 bytes).
    Removing rtx_memory.o(.ARM.exidx.text.osRtxMemoryFree), (8 bytes).
    Removing rtx_system.o(.text), (0 bytes).
    Removing rtx_system.o(.ARM.exidx.text.osRtxTick_Handler), (8 bytes).
    Removing rtx_system.o(.ARM.exidx.text.osRtxPendSV_Handler), (8 bytes).
    Removing rtx_system.o(.ARM.exidx.text.osRtxPostProcess), (8 bytes).
    Removing os_systick.o(.text), (0 bytes).
    Removing os_systick.o(.ARM.exidx.text.OS_Tick_Setup), (8 bytes).
    Removing os_systick.o(.ARM.exidx.text.OS_Tick_Enable), (8 bytes).
    Removing os_systick.o(.text.OS_Tick_Disable), (40 bytes).
    Removing os_systick.o(.ARM.exidx.text.OS_Tick_Disable), (8 bytes).
    Removing os_systick.o(.ARM.exidx.text.OS_Tick_AcknowledgeIRQ), (8 bytes).
    Removing os_systick.o(.ARM.exidx.text.OS_Tick_GetIRQn), (8 bytes).
    Removing os_systick.o(.text.OS_Tick_GetClock), (12 bytes).
    Removing os_systick.o(.ARM.exidx.text.OS_Tick_GetClock), (8 bytes).
    Removing os_systick.o(.text.OS_Tick_GetInterval), (12 bytes).
    Removing os_systick.o(.ARM.exidx.text.OS_Tick_GetInterval), (8 bytes).
    Removing os_systick.o(.text.OS_Tick_GetCount), (16 bytes).
    Removing os_systick.o(.ARM.exidx.text.OS_Tick_GetCount), (8 bytes).
    Removing os_systick.o(.text.OS_Tick_GetOverflow), (16 bytes).
    Removing os_systick.o(.ARM.exidx.text.OS_Tick_GetOverflow), (8 bytes).

381 unused section(s) (total 9863 bytes) removed from the image.

==============================================================================

Image Symbol Table

    Local Symbols

    Symbol Name                              Value     Ov Type        Size  Object(Section)

    RESET                                    0x00000000   Section      192  startup_mkl25z4.o(RESET)
    ../clib/../cmprslib/zerorunl2.c          0x00000000   Number         0  __dczerorl2.o ABSOLUTE
    ../clib/microlib/division.c              0x00000000   Number         0  idiv.o ABSOLUTE
    ../clib/microlib/division.c              0x00000000   Number         0  uidiv.o ABSOLUTE
    ../clib/microlib/init/entry.s            0x00000000   Number         0  entry9b.o ABSOLUTE
    ../clib/microlib/init/entry.s            0x00000000   Number         0  entry10b.o ABSOLUTE
    ../clib/microlib/init/entry.s            0x00000000   Number         0  entry9a.o ABSOLUTE
    ../clib/microlib/init/entry.s            0x00000000   Number         0  entry10a.o ABSOLUTE
    ../clib/microlib/init/entry.s            0x00000000   Number         0  entry2.o ABSOLUTE
    ../clib/microlib/init/entry.s            0x00000000   Number         0  entry7b.o ABSOLUTE
    ../clib/microlib/init/entry.s            0x00000000   Number         0  entry5.o ABSOLUTE
    ../clib/microlib/init/entry.s            0x00000000   Number         0  entry7a.o ABSOLUTE
    ../clib/microlib/init/entry.s            0x00000000   Number         0  entry.o ABSOLUTE
    ../clib/microlib/init/entry.s            0x00000000   Number         0  entry8a.o ABSOLUTE
    ../clib/microlib/init/entry.s            0x00000000   Number         0  entry11b.o ABSOLUTE
    ../clib/microlib/init/entry.s            0x00000000   Number         0  entry8b.o ABSOLUTE
    ../clib/microlib/init/entry.s            0x00000000   Number         0  entry11a.o ABSOLUTE
    ../clib/microlib/longlong.c              0x00000000   Number         0  llshl.o ABSOLUTE
    ../clib/microlib/longlong.c              0x00000000   Number         0  llushr.o ABSOLUTE
    ../clib/microlib/string/memcpy.c         0x00000000   Number         0  memcpyb.o ABSOLUTE
    ../clib/microlib/string/memcpy.c         0x00000000   Number         0  memcpya.o ABSOLUTE
    ../clib/microlib/string/memset.c         0x00000000   Number         0  memseta.o ABSOLUTE
    ../clib/microlib/stubs.s                 0x00000000   Number         0  iusefp.o ABSOLUTE
    ../fplib/microlib/d2f.c                  0x00000000   Number         0  d2f.o ABSOLUTE
    ../fplib/microlib/f2d.c                  0x00000000   Number         0  f2d.o ABSOLUTE
    ../fplib/microlib/fpadd.c                0x00000000   Number         0  fadd.o ABSOLUTE
    ../fplib/microlib/fpdiv.c                0x00000000   Number         0  ddiv.o ABSOLUTE
    ../fplib/microlib/fpepilogue.c           0x00000000   Number         0  depilogue.o ABSOLUTE
    ../fplib/microlib/fpepilogue.c           0x00000000   Number         0  fepilogue.o ABSOLUTE
    ../fplib/microlib/fpfix.c                0x00000000   Number         0  ffixui.o ABSOLUTE
    ../fplib/microlib/fpflt.c                0x00000000   Number         0  ffltui.o ABSOLUTE
    ../fplib/microlib/fpflt.c                0x00000000   Number         0  dflti.o ABSOLUTE
    ../fplib/microlib/fpflt.c                0x00000000   Number         0  fflti.o ABSOLUTE
    ../fplib/microlib/fpmul.c                0x00000000   Number         0  fmul.o ABSOLUTE
    ..\..\..\Source\ARM\irq_cm0.s            0x00000000   Number         0  irq_cm0.o ABSOLUTE
    C:\Users\riyas\AppData\Local\Arm\Packs\ARM\CMSIS\5.6.0\CMSIS\RTOS2\RTX\Library\cmsis_os1.c 0x00000000   Number         0  cmsis_os1.o ABSOLUTE
    C:\Users\riyas\AppData\Local\Arm\Packs\ARM\CMSIS\5.6.0\CMSIS\RTOS2\RTX\Source\rtx_lib.c 0x00000000   Number         0  rtx_lib.o ABSOLUTE
    C:\\Users\\riyas\\AppData\\Local\\Arm\\Packs\\ARM\\CMSIS\\5.6.0\\CMSIS\\RTOS2\\RTX\\Source\\rtx_lib.c 0x00000000   Number         0  rtx_lib.o ABSOLUTE
    RTE\CMSIS\RTX_Config.c                   0x00000000   Number         0  rtx_config.o ABSOLUTE
    RTE\Device\MKL25Z128xxx4\startup_MKL25Z4.s 0x00000000   Number         0  startup_mkl25z4.o ABSOLUTE
    RTE\Device\MKL25Z128xxx4\system_MKL25Z4.c 0x00000000   Number         0  system_mkl25z4.o ABSOLUTE
    RTE\\CMSIS\\RTX_Config.c                 0x00000000   Number         0  rtx_config.o ABSOLUTE
    RTE\\Device\\MKL25Z128xxx4\\system_MKL25Z4.c 0x00000000   Number         0  system_mkl25z4.o ABSOLUTE
    dc.s                                     0x00000000   Number         0  dc.o ABSOLUTE
    handlers.s                               0x00000000   Number         0  handlers.o ABSOLUTE
    init.s                                   0x00000000   Number         0  init.o ABSOLUTE
    os_systick.c                             0x00000000   Number         0  os_systick.o ABSOLUTE
    project.c                                0x00000000   Number         0  project.o ABSOLUTE
    project.c                                0x00000000   Number         0  project.o ABSOLUTE
    rtx_delay.c                              0x00000000   Number         0  rtx_delay.o ABSOLUTE
    rtx_kernel.c                             0x00000000   Number         0  rtx_kernel.o ABSOLUTE
    rtx_memory.c                             0x00000000   Number         0  rtx_memory.o ABSOLUTE
    rtx_mempool.c                            0x00000000   Number         0  rtx_mempool.o ABSOLUTE
    rtx_msgqueue.c                           0x00000000   Number         0  rtx_msgqueue.o ABSOLUTE
    rtx_mutex.c                              0x00000000   Number         0  rtx_mutex.o ABSOLUTE
    rtx_semaphore.c                          0x00000000   Number         0  rtx_semaphore.o ABSOLUTE
    rtx_system.c                             0x00000000   Number         0  rtx_system.o ABSOLUTE
    rtx_thread.c                             0x00000000   Number         0  rtx_thread.o ABSOLUTE
    rtx_timer.c                              0x00000000   Number         0  rtx_timer.o ABSOLUTE
    .ARM.Collect$$$$00000000                 0x000000c0   Section        0  entry.o(.ARM.Collect$$$$00000000)
    .ARM.Collect$$$$00000001                 0x000000c0   Section        4  entry2.o(.ARM.Collect$$$$00000001)
    .ARM.Collect$$$$00000004                 0x000000c4   Section        4  entry5.o(.ARM.Collect$$$$00000004)
    .ARM.Collect$$$$00000008                 0x000000c8   Section        0  entry7b.o(.ARM.Collect$$$$00000008)
    .ARM.Collect$$$$0000000A                 0x000000c8   Section        0  entry8b.o(.ARM.Collect$$$$0000000A)
    .ARM.Collect$$$$0000000B                 0x000000c8   Section        8  entry9a.o(.ARM.Collect$$$$0000000B)
    .ARM.Collect$$$$0000000D                 0x000000d0   Section        0  entry10a.o(.ARM.Collect$$$$0000000D)
    .ARM.Collect$$$$0000000F                 0x000000d0   Section        0  entry11a.o(.ARM.Collect$$$$0000000F)
    .ARM.Collect$$$$00002712                 0x000000d0   Section        4  entry2.o(.ARM.Collect$$$$00002712)
    __lit__00000000                          0x000000d0   Data           4  entry2.o(.ARM.Collect$$$$00002712)
    .text                                    0x000000d4   Section       40  startup_mkl25z4.o(.text)
    .text                                    0x000000fc   Section      164  irq_cm0.o(.text)
    .text                                    0x000001a0   Section        0  uidiv.o(.text)
    .text                                    0x000001cc   Section        0  idiv.o(.text)
    .text                                    0x000001f4   Section        0  memcpya.o(.text)
    .text                                    0x00000218   Section        0  memseta.o(.text)
    .text                                    0x0000023c   Section        0  fadd.o(.text)
    .text                                    0x000002ee   Section        0  fmul.o(.text)
    .text                                    0x00000368   Section        0  fflti.o(.text)
    .text                                    0x0000037e   Section        0  ffltui.o(.text)
    .text                                    0x0000038c   Section        0  dflti.o(.text)
    .text                                    0x000003b4   Section        0  ffixui.o(.text)
    .text                                    0x000003dc   Section       36  init.o(.text)
    .text                                    0x000003dc   Section        0  iusefp.o(.text)
    .ARM.__at_0x400                          0x00000400   Section       16  startup_mkl25z4.o(.ARM.__at_0x400)
    .text                                    0x00000410   Section        0  ddiv.o(.text)
    .text                                    0x00000500   Section        0  f2d.o(.text)
    .text                                    0x00000528   Section        0  d2f.o(.text)
    .text                                    0x00000560   Section        0  fepilogue.o(.text)
    .text                                    0x000005e2   Section        0  depilogue.o(.text)
    .text                                    0x000006a0   Section        0  llshl.o(.text)
    .text                                    0x000006c0   Section        0  llushr.o(.text)
    .text                                    0x000006e2   Section        0  __dczerorl2.o(.text)
    [Anonymous Symbol]                       0x00000738   Section        0  rtx_msgqueue.o(.text.MessageQueueGet)
    MessageQueueGet                          0x00000739   Thumb Code    76  rtx_msgqueue.o(.text.MessageQueueGet)
    [Anonymous Symbol]                       0x00000784   Section        0  rtx_msgqueue.o(.text.MessageQueuePut)
    MessageQueuePut                          0x00000785   Thumb Code    98  rtx_msgqueue.o(.text.MessageQueuePut)
    [Anonymous Symbol]                       0x000007e6   Section        0  rtx_msgqueue.o(.text.MessageQueueRemove)
    MessageQueueRemove                       0x000007e7   Thumb Code    30  rtx_msgqueue.o(.text.MessageQueueRemove)
    [Anonymous Symbol]                       0x00000804   Section        0  os_systick.o(.text.OS_Tick_AcknowledgeIRQ)
    __arm_cp.3_0                             0x0000080c   Number         4  os_systick.o(.text.OS_Tick_AcknowledgeIRQ)
    [Anonymous Symbol]                       0x00000810   Section        0  os_systick.o(.text.OS_Tick_Enable)
    __arm_cp.1_0                             0x00000830   Number         4  os_systick.o(.text.OS_Tick_Enable)
    __arm_cp.1_1                             0x00000834   Number         4  os_systick.o(.text.OS_Tick_Enable)
    __arm_cp.1_2                             0x00000838   Number         4  os_systick.o(.text.OS_Tick_Enable)
    [Anonymous Symbol]                       0x0000083c   Section        0  os_systick.o(.text.OS_Tick_GetIRQn)
    [Anonymous Symbol]                       0x00000844   Section        0  os_systick.o(.text.OS_Tick_Setup)
    __arm_cp.0_0                             0x00000880   Number         4  os_systick.o(.text.OS_Tick_Setup)
    __arm_cp.0_1                             0x00000884   Number         4  os_systick.o(.text.OS_Tick_Setup)
    __arm_cp.0_2                             0x00000888   Number         4  os_systick.o(.text.OS_Tick_Setup)
    __arm_cp.0_3                             0x0000088c   Number         4  os_systick.o(.text.OS_Tick_Setup)
    [Anonymous Symbol]                       0x00000890   Section        0  rtx_thread.o(.text.ThreadFlagsCheck)
    ThreadFlagsCheck                         0x00000891   Thumb Code    78  rtx_thread.o(.text.ThreadFlagsCheck)
    [Anonymous Symbol]                       0x000008e0   Section        0  rtx_timer.o(.text.TimerInsert)
    TimerInsert                              0x000008e1   Thumb Code    76  rtx_timer.o(.text.TimerInsert)
    __arm_cp.8_0                             0x00000928   Number         4  rtx_timer.o(.text.TimerInsert)
    [Anonymous Symbol]                       0x0000092c   Section        0  rtx_delay.o(.text.osDelay)
    __arm_cp.0_0                             0x00000950   Number         4  rtx_delay.o(.text.osDelay)
    [Anonymous Symbol]                       0x00000954   Section        0  rtx_kernel.o(.text.osKernelInitialize)
    __arm_cp.1_0                             0x00000978   Number         4  rtx_kernel.o(.text.osKernelInitialize)
    [Anonymous Symbol]                       0x0000097c   Section        0  rtx_kernel.o(.text.osKernelStart)
    __arm_cp.6_0                             0x0000099c   Number         4  rtx_kernel.o(.text.osKernelStart)
    [Anonymous Symbol]                       0x000009a0   Section        0  rtx_msgqueue.o(.text.osMessageQueueGet)
    __arm_cp.3_0                             0x00000a10   Number         4  rtx_msgqueue.o(.text.osMessageQueueGet)
    [Anonymous Symbol]                       0x00000a14   Section        0  rtx_msgqueue.o(.text.osMessageQueueNew)
    __arm_cp.0_0                             0x00000a34   Number         4  rtx_msgqueue.o(.text.osMessageQueueNew)
    [Anonymous Symbol]                       0x00000a38   Section        0  rtx_msgqueue.o(.text.osMessageQueuePut)
    __arm_cp.2_0                             0x00000aac   Number         4  rtx_msgqueue.o(.text.osMessageQueuePut)
    [Anonymous Symbol]                       0x00000ab0   Section        0  rtx_mutex.o(.text.osMutexAcquire)
    __arm_cp.3_0                             0x00000ad4   Number         4  rtx_mutex.o(.text.osMutexAcquire)
    [Anonymous Symbol]                       0x00000ad8   Section        0  rtx_mutex.o(.text.osMutexNew)
    __arm_cp.1_0                             0x00000af8   Number         4  rtx_mutex.o(.text.osMutexNew)
    [Anonymous Symbol]                       0x00000afc   Section        0  rtx_mutex.o(.text.osMutexRelease)
    __arm_cp.4_0                             0x00000b20   Number         4  rtx_mutex.o(.text.osMutexRelease)
    [Anonymous Symbol]                       0x00000b24   Section        0  rtx_kernel.o(.text.osRtxKernelPreInit)
    [Anonymous Symbol]                       0x00000b26   Section        0  rtx_memory.o(.text.osRtxMemoryAlloc)
    [Anonymous Symbol]                       0x00000ba2   Section        0  rtx_memory.o(.text.osRtxMemoryFree)
    [Anonymous Symbol]                       0x00000bf0   Section        0  rtx_memory.o(.text.osRtxMemoryInit)
    [Anonymous Symbol]                       0x00000c22   Section        0  rtx_mempool.o(.text.osRtxMemoryPoolAlloc)
    [Anonymous Symbol]                       0x00000c50   Section        0  rtx_mempool.o(.text.osRtxMemoryPoolFree)
    [Anonymous Symbol]                       0x00000c8a   Section        0  rtx_mempool.o(.text.osRtxMemoryPoolInit)
    [Anonymous Symbol]                       0x00000cc8   Section        0  rtx_msgqueue.o(.text.osRtxMessageQueuePostProcess)
    osRtxMessageQueuePostProcess             0x00000cc9   Thumb Code   188  rtx_msgqueue.o(.text.osRtxMessageQueuePostProcess)
    [Anonymous Symbol]                       0x00000d84   Section        0  rtx_mutex.o(.text.osRtxMutexOwnerRelease)
    [Anonymous Symbol]                       0x00000dc8   Section        0  rtx_system.o(.text.osRtxPendSV_Handler)
    __arm_cp.1_0                             0x00000e44   Number         4  rtx_system.o(.text.osRtxPendSV_Handler)
    [Anonymous Symbol]                       0x00000e48   Section        0  rtx_system.o(.text.osRtxPostProcess)
    __arm_cp.2_0                             0x00000eac   Number         4  rtx_system.o(.text.osRtxPostProcess)
    __arm_cp.2_1                             0x00000eb0   Number         4  rtx_system.o(.text.osRtxPostProcess)
    [Anonymous Symbol]                       0x00000eb4   Section        0  rtx_thread.o(.text.osRtxThreadBlock)
    osRtxThreadBlock                         0x00000eb5   Thumb Code    56  rtx_thread.o(.text.osRtxThreadBlock)
    __arm_cp.10_0                            0x00000ee8   Number         4  rtx_thread.o(.text.osRtxThreadBlock)
    [Anonymous Symbol]                       0x00000eec   Section        0  rtx_thread.o(.text.osRtxThreadDelayInsert)
    osRtxThreadDelayInsert                   0x00000eed   Thumb Code   128  rtx_thread.o(.text.osRtxThreadDelayInsert)
    __arm_cp.14_0                            0x00000f68   Number         4  rtx_thread.o(.text.osRtxThreadDelayInsert)
    [Anonymous Symbol]                       0x00000f6c   Section        0  rtx_thread.o(.text.osRtxThreadDelayRemove)
    osRtxThreadDelayRemove                   0x00000f6d   Thumb Code    68  rtx_thread.o(.text.osRtxThreadDelayRemove)
    __arm_cp.12_0                            0x00000fac   Number         4  rtx_thread.o(.text.osRtxThreadDelayRemove)
    [Anonymous Symbol]                       0x00000fb0   Section        0  rtx_thread.o(.text.osRtxThreadDelayTick)
    __arm_cp.5_0                             0x00000fe4   Number         4  rtx_thread.o(.text.osRtxThreadDelayTick)
    [Anonymous Symbol]                       0x00000fe8   Section        0  rtx_thread.o(.text.osRtxThreadDispatch)
    __arm_cp.9_0                             0x00001034   Number         4  rtx_thread.o(.text.osRtxThreadDispatch)
    [Anonymous Symbol]                       0x00001038   Section        0  rtx_thread.o(.text.osRtxThreadFree)
    osRtxThreadFree                          0x00001039   Thumb Code    84  rtx_thread.o(.text.osRtxThreadFree)
    __arm_cp.52_0                            0x00001088   Number         4  rtx_thread.o(.text.osRtxThreadFree)
    [Anonymous Symbol]                       0x0000108c   Section        0  rtx_thread.o(.text.osRtxThreadListGet)
    [Anonymous Symbol]                       0x000010a0   Section        0  rtx_thread.o(.text.osRtxThreadListPut)
    [Anonymous Symbol]                       0x000010cc   Section        0  rtx_thread.o(.text.osRtxThreadListRemove)
    [Anonymous Symbol]                       0x000010e4   Section        0  rtx_thread.o(.text.osRtxThreadListSort)
    [Anonymous Symbol]                       0x0000110a   Section        0  rtx_thread.o(.text.osRtxThreadPostProcess)
    osRtxThreadPostProcess                   0x0000110b   Thumb Code    38  rtx_thread.o(.text.osRtxThreadPostProcess)
    [Anonymous Symbol]                       0x00001130   Section        0  rtx_thread.o(.text.osRtxThreadReadyPut)
    __arm_cp.4_0                             0x00001144   Number         4  rtx_thread.o(.text.osRtxThreadReadyPut)
    [Anonymous Symbol]                       0x00001148   Section        0  rtx_thread.o(.text.osRtxThreadRegPtr)
    [Anonymous Symbol]                       0x00001150   Section        0  rtx_thread.o(.text.osRtxThreadStackCheck)
    __arm_cp.8_0                             0x00001174   Number         4  rtx_thread.o(.text.osRtxThreadStackCheck)
    __arm_cp.8_1                             0x00001178   Number         4  rtx_thread.o(.text.osRtxThreadStackCheck)
    [Anonymous Symbol]                       0x0000117c   Section        0  rtx_thread.o(.text.osRtxThreadStartup)
    __arm_cp.15_0                            0x000011ac   Number         4  rtx_thread.o(.text.osRtxThreadStartup)
    __arm_cp.15_1                            0x000011b0   Number         4  rtx_thread.o(.text.osRtxThreadStartup)
    __arm_cp.15_2                            0x000011b4   Number         4  rtx_thread.o(.text.osRtxThreadStartup)
    __arm_cp.15_3                            0x000011b8   Number         4  rtx_thread.o(.text.osRtxThreadStartup)
    [Anonymous Symbol]                       0x000011bc   Section        0  rtx_thread.o(.text.osRtxThreadSwitch)
    __arm_cp.7_0                             0x000011cc   Number         4  rtx_thread.o(.text.osRtxThreadSwitch)
    [Anonymous Symbol]                       0x000011d0   Section        0  rtx_thread.o(.text.osRtxThreadWaitEnter)
    __arm_cp.13_0                            0x00001208   Number         4  rtx_thread.o(.text.osRtxThreadWaitEnter)
    [Anonymous Symbol]                       0x0000120c   Section        0  rtx_thread.o(.text.osRtxThreadWaitExit)
    [Anonymous Symbol]                       0x00001230   Section        0  rtx_system.o(.text.osRtxTick_Handler)
    __arm_cp.0_0                             0x000012a0   Number         4  rtx_system.o(.text.osRtxTick_Handler)
    [Anonymous Symbol]                       0x000012a4   Section        0  rtx_timer.o(.text.osRtxTimerThread)
    __arm_cp.0_0                             0x000012d4   Number         4  rtx_timer.o(.text.osRtxTimerThread)
    __arm_cp.0_1                             0x000012d8   Number         4  rtx_timer.o(.text.osRtxTimerThread)
    __arm_cp.0_2                             0x000012dc   Number         4  rtx_timer.o(.text.osRtxTimerThread)
    [Anonymous Symbol]                       0x000012e0   Section        0  rtx_timer.o(.text.osRtxTimerTick)
    osRtxTimerTick                           0x000012e1   Thumb Code    96  rtx_timer.o(.text.osRtxTimerTick)
    __arm_cp.1_0                             0x0000133c   Number         4  rtx_timer.o(.text.osRtxTimerTick)
    [Anonymous Symbol]                       0x00001340   Section        0  rtx_thread.o(.text.osThreadExit)
    __arm_cp.31_0                            0x00001348   Number         4  rtx_thread.o(.text.osThreadExit)
    [Anonymous Symbol]                       0x0000134c   Section        0  rtx_thread.o(.text.osThreadNew)
    __arm_cp.17_0                            0x0000136c   Number         4  rtx_thread.o(.text.osThreadNew)
    [Anonymous Symbol]                       0x00001370   Section        0  rtx_delay.o(.text.svcRtxDelay)
    svcRtxDelay                              0x00001371   Thumb Code    18  rtx_delay.o(.text.svcRtxDelay)
    [Anonymous Symbol]                       0x00001384   Section        0  rtx_kernel.o(.text.svcRtxKernelInitialize)
    svcRtxKernelInitialize                   0x00001385   Thumb Code   328  rtx_kernel.o(.text.svcRtxKernelInitialize)
    __arm_cp.20_0                            0x000014c0   Number         4  rtx_kernel.o(.text.svcRtxKernelInitialize)
    __arm_cp.20_1                            0x000014c4   Number         4  rtx_kernel.o(.text.svcRtxKernelInitialize)
    __arm_cp.20_2                            0x000014c8   Number         4  rtx_kernel.o(.text.svcRtxKernelInitialize)
    [Anonymous Symbol]                       0x000014cc   Section        0  rtx_kernel.o(.text.svcRtxKernelStart)
    svcRtxKernelStart                        0x000014cd   Thumb Code   132  rtx_kernel.o(.text.svcRtxKernelStart)
    __arm_cp.21_0                            0x00001540   Number         4  rtx_kernel.o(.text.svcRtxKernelStart)
    __arm_cp.21_1                            0x00001544   Number         4  rtx_kernel.o(.text.svcRtxKernelStart)
    __arm_cp.21_2                            0x00001548   Number         4  rtx_kernel.o(.text.svcRtxKernelStart)
    __arm_cp.21_3                            0x0000154c   Number         4  rtx_kernel.o(.text.svcRtxKernelStart)
    [Anonymous Symbol]                       0x00001550   Section        0  rtx_msgqueue.o(.text.svcRtxMessageQueueGet)
    svcRtxMessageQueueGet                    0x00001551   Thumb Code   232  rtx_msgqueue.o(.text.svcRtxMessageQueueGet)
    __arm_cp.21_0                            0x00001634   Number         4  rtx_msgqueue.o(.text.svcRtxMessageQueueGet)
    [Anonymous Symbol]                       0x00001638   Section        0  rtx_msgqueue.o(.text.svcRtxMessageQueueNew)
    svcRtxMessageQueueNew                    0x00001639   Thumb Code   484  rtx_msgqueue.o(.text.svcRtxMessageQueueNew)
    __arm_cp.14_0                            0x00001804   Number         4  rtx_msgqueue.o(.text.svcRtxMessageQueueNew)
    __arm_cp.14_1                            0x00001808   Number         4  rtx_msgqueue.o(.text.svcRtxMessageQueueNew)
    __arm_cp.14_2                            0x0000180c   Number         4  rtx_msgqueue.o(.text.svcRtxMessageQueueNew)
    __arm_cp.14_3                            0x00001810   Number         4  rtx_msgqueue.o(.text.svcRtxMessageQueueNew)
    __arm_cp.14_4                            0x00001814   Number         4  rtx_msgqueue.o(.text.svcRtxMessageQueueNew)
    __arm_cp.14_5                            0x00001818   Number         4  rtx_msgqueue.o(.text.svcRtxMessageQueueNew)
    [Anonymous Symbol]                       0x0000181c   Section        0  rtx_msgqueue.o(.text.svcRtxMessageQueuePut)
    svcRtxMessageQueuePut                    0x0000181d   Thumb Code   188  rtx_msgqueue.o(.text.svcRtxMessageQueuePut)
    __arm_cp.19_0                            0x000018d4   Number         4  rtx_msgqueue.o(.text.svcRtxMessageQueuePut)
    [Anonymous Symbol]                       0x000018d8   Section        0  rtx_mutex.o(.text.svcRtxMutexAcquire)
    svcRtxMutexAcquire                       0x000018d9   Thumb Code   152  rtx_mutex.o(.text.svcRtxMutexAcquire)
    __arm_cp.9_0                             0x0000196c   Number         4  rtx_mutex.o(.text.svcRtxMutexAcquire)
    [Anonymous Symbol]                       0x00001970   Section        0  rtx_mutex.o(.text.svcRtxMutexNew)
    svcRtxMutexNew                           0x00001971   Thumb Code   112  rtx_mutex.o(.text.svcRtxMutexNew)
    __arm_cp.7_0                             0x000019dc   Number         4  rtx_mutex.o(.text.svcRtxMutexNew)
    [Anonymous Symbol]                       0x000019e0   Section        0  rtx_mutex.o(.text.svcRtxMutexRelease)
    svcRtxMutexRelease                       0x000019e1   Thumb Code   192  rtx_mutex.o(.text.svcRtxMutexRelease)
    __arm_cp.10_0                            0x00001a9c   Number         4  rtx_mutex.o(.text.svcRtxMutexRelease)
    [Anonymous Symbol]                       0x00001aa0   Section        0  rtx_thread.o(.text.svcRtxThreadExit)
    svcRtxThreadExit                         0x00001aa1   Thumb Code   108  rtx_thread.o(.text.svcRtxThreadExit)
    __arm_cp.54_0                            0x00001b08   Number         4  rtx_thread.o(.text.svcRtxThreadExit)
    [Anonymous Symbol]                       0x00001b0c   Section        0  rtx_thread.o(.text.svcRtxThreadNew)
    svcRtxThreadNew                          0x00001b0d   Thumb Code   492  rtx_thread.o(.text.svcRtxThreadNew)
    __arm_cp.16_0                            0x00001ce0   Number         4  rtx_thread.o(.text.svcRtxThreadNew)
    __arm_cp.16_1                            0x00001ce4   Number         4  rtx_thread.o(.text.svcRtxThreadNew)
    __arm_cp.16_2                            0x00001ce8   Number         4  rtx_thread.o(.text.svcRtxThreadNew)
    __arm_cp.16_3                            0x00001cec   Number         4  rtx_thread.o(.text.svcRtxThreadNew)
    __arm_cp.16_4                            0x00001cf0   Number         4  rtx_thread.o(.text.svcRtxThreadNew)
    __arm_cp.16_5                            0x00001cf4   Number         4  rtx_thread.o(.text.svcRtxThreadNew)
    i.BACKLEDControl                         0x00001cf8   Section        0  project.o(i.BACKLEDControl)
    i.BuzzerControl                          0x00001d64   Section        0  project.o(i.BuzzerControl)
    i.FRONTLEDControl                        0x00001f60   Section        0  project.o(i.FRONTLEDControl)
    i.Q_Init                                 0x00002060   Section        0  project.o(i.Q_Init)
    i.SystemInit                             0x00002078   Section        0  system_mkl25z4.o(i.SystemInit)
    i.UART2_IRQHandler                       0x00002084   Section        0  project.o(i.UART2_IRQHandler)
    i.__ARM_clz                              0x000020ac   Section        0  depilogue.o(i.__ARM_clz)
    i.__ARM_common_switch8                   0x000020da   Section        0  project.o(i.__ARM_common_switch8)
    i.__NVIC_ClearPendingIRQ                 0x000020f8   Section        0  project.o(i.__NVIC_ClearPendingIRQ)
    __NVIC_ClearPendingIRQ                   0x000020f9   Thumb Code    18  project.o(i.__NVIC_ClearPendingIRQ)
    i.__NVIC_SetPriority                     0x00002110   Section        0  project.o(i.__NVIC_SetPriority)
    __NVIC_SetPriority                       0x00002111   Thumb Code   110  project.o(i.__NVIC_SetPriority)
    i.__scatterload_copy                     0x00002188   Section       14  handlers.o(i.__scatterload_copy)
    i.__scatterload_null                     0x00002196   Section        2  handlers.o(i.__scatterload_null)
    i.__scatterload_zeroinit                 0x00002198   Section       14  handlers.o(i.__scatterload_zeroinit)
    i.initLED                                0x000021a8   Section        0  project.o(i.initLED)
    i.initPWM                                0x0000236c   Section        0  project.o(i.initPWM)
    i.initUART2                              0x000025b8   Section        0  project.o(i.initUART2)
    i.main                                   0x0000268c   Section        0  project.o(i.main)
    i.mod_value                              0x00002724   Section        0  project.o(i.mod_value)
    i.motorControl                           0x0000273c   Section        0  project.o(i.motorControl)
    i.offGreen                               0x00002ac0   Section        0  project.o(i.offGreen)
    i.onGreen                                0x00002b28   Section        0  project.o(i.onGreen)
    i.osRtxErrorNotify                       0x00002b90   Section        0  rtx_config.o(i.osRtxErrorNotify)
    i.osRtxIdleThread                        0x00002bb0   Section        0  rtx_config.o(i.osRtxIdleThread)
    .constdata                               0x00002bb4   Section      144  project.o(.constdata)
    .constdata                               0x00002c44   Section      100  rtx_lib.o(.constdata)
    os_idle_thread_attr                      0x00002c44   Data          36  rtx_lib.o(.constdata)
    os_timer_thread_attr                     0x00002c68   Data          36  rtx_lib.o(.constdata)
    os_timer_mq_attr                         0x00002c8c   Data          24  rtx_lib.o(.constdata)
    .rodata                                  0x00002ca8   Section      160  rtx_lib.o(.rodata)
    __tagsym$$used                           0x00002ca8   Number         0  rtx_lib.o(.rodata)
    __tagsym$$used                           0x00002d10   Number         0  rtx_lib.o(.rodata)
    [Anonymous Symbol]                       0x00002d48   Section        0  rtx_kernel.o(.rodata.str1.4)
    .L.str                                   0x00002d48   Data          11  rtx_kernel.o(.rodata.str1.4)
    .bss.os                                  0x1ffff000   Section     4160  rtx_lib.o(.bss.os)
    os_mem                                   0x1ffff000   Data        4096  rtx_lib.o(.bss.os)
    os_isr_queue                             0x20000000   Data          64  rtx_lib.o(.bss.os)
    .bss.os.msgqueue.cb                      0x20000040   Section       52  rtx_lib.o(.bss.os.msgqueue.cb)
    os_timer_mq_cb                           0x20000040   Data          52  rtx_lib.o(.bss.os.msgqueue.cb)
    .bss.os.msgqueue.mem                     0x20000074   Section       80  rtx_lib.o(.bss.os.msgqueue.mem)
    os_timer_mq_data                         0x20000074   Data          80  rtx_lib.o(.bss.os.msgqueue.mem)
    .bss.os.thread.cb                        0x200000c4   Section      136  rtx_lib.o(.bss.os.thread.cb)
    os_idle_thread_cb                        0x200000c4   Data          68  rtx_lib.o(.bss.os.thread.cb)
    os_timer_thread_cb                       0x20000108   Data          68  rtx_lib.o(.bss.os.thread.cb)
    .bss.os.thread.stack                     0x20000150   Section      512  rtx_lib.o(.bss.os.thread.stack)
    os_idle_thread_stack                     0x20000150   Data         256  rtx_lib.o(.bss.os.thread.stack)
    os_timer_thread_stack                    0x20000250   Data         256  rtx_lib.o(.bss.os.thread.stack)
    .data                                    0x20000350   Section     3204  project.o(.data)
    .data                                    0x20000fd4   Section        4  system_mkl25z4.o(.data)
    .bss                                     0x2000107c   Section       88  project.o(.bss)
    [Anonymous Symbol]                       0x200010d4   Section        0  os_systick.o(.bss.PendST)
    PendST                                   0x200010d4   Data           1  os_systick.o(.bss.PendST)
    STACK                                    0x200010d8   Section      256  startup_mkl25z4.o(STACK)

    Global Symbols

    Symbol Name                              Value     Ov Type        Size  Object(Section)

    BuildAttributes$$THM_ISAv3M$S$PE$A:L22$X:L11$S22$IEEE1$IW$~IW$USESV6$~STKCKD$USESV7$~SHL$OTIME$ROPI$EBA8$MICROLIB$REQ8$PRES8$EABIv2 0x00000000   Number         0  anon$$obj.o ABSOLUTE
    __ARM_use_no_argv                        0x00000000   Number         0  project.o ABSOLUTE
    __Vectors                                0x00000000   Data           4  startup_mkl25z4.o(RESET)
    .bss.os.evflags.cb$$Base                  - Undefined Weak Reference
    .bss.os.evflags.cb$$Limit                 - Undefined Weak Reference
    .bss.os.mempool.cb$$Base                  - Undefined Weak Reference
    .bss.os.mempool.cb$$Limit                 - Undefined Weak Reference
    .bss.os.mutex.cb$$Base                    - Undefined Weak Reference
    .bss.os.mutex.cb$$Limit                   - Undefined Weak Reference
    .bss.os.semaphore.cb$$Base                - Undefined Weak Reference
    .bss.os.semaphore.cb$$Limit               - Undefined Weak Reference
    .bss.os.timer.cb$$Base                    - Undefined Weak Reference
    .bss.os.timer.cb$$Limit                   - Undefined Weak Reference
    __cpp_initialize__aeabi_                  - Undefined Weak Reference
    __cxa_finalize                            - Undefined Weak Reference
    _clock_init                               - Undefined Weak Reference
    _microlib_exit                            - Undefined Weak Reference
    __Vectors_End                            0x000000c0   Data           0  startup_mkl25z4.o(RESET)
    __Vectors_Size                           0x000000c0   Number         0  startup_mkl25z4.o ABSOLUTE
    __main                                   0x000000c1   Thumb Code     0  entry.o(.ARM.Collect$$$$00000000)
    _main_stk                                0x000000c1   Thumb Code     0  entry2.o(.ARM.Collect$$$$00000001)
    _main_scatterload                        0x000000c5   Thumb Code     0  entry5.o(.ARM.Collect$$$$00000004)
    __main_after_scatterload                 0x000000c9   Thumb Code     0  entry5.o(.ARM.Collect$$$$00000004)
    _main_clock                              0x000000c9   Thumb Code     0  entry7b.o(.ARM.Collect$$$$00000008)
    _main_cpp_init                           0x000000c9   Thumb Code     0  entry8b.o(.ARM.Collect$$$$0000000A)
    _main_init                               0x000000c9   Thumb Code     0  entry9a.o(.ARM.Collect$$$$0000000B)
    __rt_final_cpp                           0x000000d1   Thumb Code     0  entry10a.o(.ARM.Collect$$$$0000000D)
    __rt_final_exit                          0x000000d1   Thumb Code     0  entry11a.o(.ARM.Collect$$$$0000000F)
    Reset_Handler                            0x000000d5   Thumb Code    12  startup_mkl25z4.o(.text)
    NMI_Handler                              0x000000e1   Thumb Code     2  startup_mkl25z4.o(.text)
    HardFault_Handler                        0x000000e3   Thumb Code     2  startup_mkl25z4.o(.text)
    ADC0_IRQHandler                          0x000000eb   Thumb Code     0  startup_mkl25z4.o(.text)
    CMP0_IRQHandler                          0x000000eb   Thumb Code     0  startup_mkl25z4.o(.text)
    DAC0_IRQHandler                          0x000000eb   Thumb Code     0  startup_mkl25z4.o(.text)
    DMA0_IRQHandler                          0x000000eb   Thumb Code     0  startup_mkl25z4.o(.text)
    DMA1_IRQHandler                          0x000000eb   Thumb Code     0  startup_mkl25z4.o(.text)
    DMA2_IRQHandler                          0x000000eb   Thumb Code     0  startup_mkl25z4.o(.text)
    DMA3_IRQHandler                          0x000000eb   Thumb Code     0  startup_mkl25z4.o(.text)
    DefaultISR                               0x000000eb   Thumb Code     0  startup_mkl25z4.o(.text)
    FTFA_IRQHandler                          0x000000eb   Thumb Code     0  startup_mkl25z4.o(.text)
    I2C0_IRQHandler                          0x000000eb   Thumb Code     0  startup_mkl25z4.o(.text)
    I2C1_IRQHandler                          0x000000eb   Thumb Code     0  startup_mkl25z4.o(.text)
    LLWU_IRQHandler                          0x000000eb   Thumb Code     0  startup_mkl25z4.o(.text)
    LPTMR0_IRQHandler                        0x000000eb   Thumb Code     0  startup_mkl25z4.o(.text)
    LVD_LVW_IRQHandler                       0x000000eb   Thumb Code     0  startup_mkl25z4.o(.text)
    MCG_IRQHandler                           0x000000eb   Thumb Code     0  startup_mkl25z4.o(.text)
    PIT_IRQHandler                           0x000000eb   Thumb Code     0  startup_mkl25z4.o(.text)
    PORTA_IRQHandler                         0x000000eb   Thumb Code     0  startup_mkl25z4.o(.text)
    PORTD_IRQHandler                         0x000000eb   Thumb Code     0  startup_mkl25z4.o(.text)
    RTC_IRQHandler                           0x000000eb   Thumb Code     0  startup_mkl25z4.o(.text)
    RTC_Seconds_IRQHandler                   0x000000eb   Thumb Code     0  startup_mkl25z4.o(.text)
    Reserved20_IRQHandler                    0x000000eb   Thumb Code     0  startup_mkl25z4.o(.text)
    Reserved39_IRQHandler                    0x000000eb   Thumb Code     0  startup_mkl25z4.o(.text)
    Reserved45_IRQHandler                    0x000000eb   Thumb Code     0  startup_mkl25z4.o(.text)
    SPI0_IRQHandler                          0x000000eb   Thumb Code     0  startup_mkl25z4.o(.text)
    SPI1_IRQHandler                          0x000000eb   Thumb Code     0  startup_mkl25z4.o(.text)
    TPM0_IRQHandler                          0x000000eb   Thumb Code     0  startup_mkl25z4.o(.text)
    TPM1_IRQHandler                          0x000000eb   Thumb Code     0  startup_mkl25z4.o(.text)
    TPM2_IRQHandler                          0x000000eb   Thumb Code     0  startup_mkl25z4.o(.text)
    TSI0_IRQHandler                          0x000000eb   Thumb Code     0  startup_mkl25z4.o(.text)
    UART0_IRQHandler                         0x000000eb   Thumb Code     0  startup_mkl25z4.o(.text)
    UART1_IRQHandler                         0x000000eb   Thumb Code     0  startup_mkl25z4.o(.text)
    USB0_IRQHandler                          0x000000eb   Thumb Code     0  startup_mkl25z4.o(.text)
    SVC_Handler                              0x000000fd   Thumb Code   132  irq_cm0.o(.text)
    PendSV_Handler                           0x00000181   Thumb Code    12  irq_cm0.o(.text)
    SysTick_Handler                          0x0000018d   Thumb Code    12  irq_cm0.o(.text)
    __aeabi_uidiv                            0x000001a1   Thumb Code     0  uidiv.o(.text)
    __aeabi_uidivmod                         0x000001a1   Thumb Code    44  uidiv.o(.text)
    __aeabi_idiv                             0x000001cd   Thumb Code     0  idiv.o(.text)
    __aeabi_idivmod                          0x000001cd   Thumb Code    40  idiv.o(.text)
    __aeabi_memcpy                           0x000001f5   Thumb Code    36  memcpya.o(.text)
    __aeabi_memcpy4                          0x000001f5   Thumb Code     0  memcpya.o(.text)
    __aeabi_memcpy8                          0x000001f5   Thumb Code     0  memcpya.o(.text)
    __aeabi_memset                           0x00000219   Thumb Code    14  memseta.o(.text)
    __aeabi_memset4                          0x00000219   Thumb Code     0  memseta.o(.text)
    __aeabi_memset8                          0x00000219   Thumb Code     0  memseta.o(.text)
    __aeabi_memclr                           0x00000227   Thumb Code     4  memseta.o(.text)
    __aeabi_memclr4                          0x00000227   Thumb Code     0  memseta.o(.text)
    __aeabi_memclr8                          0x00000227   Thumb Code     0  memseta.o(.text)
    _memset$wrapper                          0x0000022b   Thumb Code    18  memseta.o(.text)
    __aeabi_fadd                             0x0000023d   Thumb Code   162  fadd.o(.text)
    __aeabi_fsub                             0x000002df   Thumb Code     8  fadd.o(.text)
    __aeabi_frsub                            0x000002e7   Thumb Code     8  fadd.o(.text)
    __aeabi_fmul                             0x000002ef   Thumb Code   122  fmul.o(.text)
    __aeabi_i2f                              0x00000369   Thumb Code    22  fflti.o(.text)
    __aeabi_ui2f                             0x0000037f   Thumb Code    14  ffltui.o(.text)
    __aeabi_i2d                              0x0000038d   Thumb Code    34  dflti.o(.text)
    __aeabi_f2uiz                            0x000003b5   Thumb Code    40  ffixui.o(.text)
    __I$use$fp                               0x000003dd   Thumb Code     0  iusefp.o(.text)
    __scatterload                            0x000003dd   Thumb Code    28  init.o(.text)
    __scatterload_rt2                        0x000003dd   Thumb Code     0  init.o(.text)
    __aeabi_ddiv                             0x00000411   Thumb Code   234  ddiv.o(.text)
    __aeabi_f2d                              0x00000501   Thumb Code    40  f2d.o(.text)
    __aeabi_d2f                              0x00000529   Thumb Code    56  d2f.o(.text)
    _float_round                             0x00000561   Thumb Code    16  fepilogue.o(.text)
    _float_epilogue                          0x00000571   Thumb Code   114  fepilogue.o(.text)
    _double_round                            0x000005e3   Thumb Code    26  depilogue.o(.text)
    _double_epilogue                         0x000005fd   Thumb Code   164  depilogue.o(.text)
    __aeabi_llsl                             0x000006a1   Thumb Code    32  llshl.o(.text)
    _ll_shift_l                              0x000006a1   Thumb Code     0  llshl.o(.text)
    __aeabi_llsr                             0x000006c1   Thumb Code    34  llushr.o(.text)
    _ll_ushift_r                             0x000006c1   Thumb Code     0  llushr.o(.text)
    __decompress                             0x000006e3   Thumb Code     0  __dczerorl2.o(.text)
    __decompress1                            0x000006e3   Thumb Code    86  __dczerorl2.o(.text)
    OS_Tick_AcknowledgeIRQ                   0x00000805   Thumb Code    12  os_systick.o(.text.OS_Tick_AcknowledgeIRQ)
    OS_Tick_Enable                           0x00000811   Thumb Code    44  os_systick.o(.text.OS_Tick_Enable)
    OS_Tick_GetIRQn                          0x0000083d   Thumb Code     6  os_systick.o(.text.OS_Tick_GetIRQn)
    OS_Tick_Setup                            0x00000845   Thumb Code    76  os_systick.o(.text.OS_Tick_Setup)
    osDelay                                  0x0000092d   Thumb Code    40  rtx_delay.o(.text.osDelay)
    osKernelInitialize                       0x00000955   Thumb Code    40  rtx_kernel.o(.text.osKernelInitialize)
    osKernelStart                            0x0000097d   Thumb Code    36  rtx_kernel.o(.text.osKernelStart)
    osMessageQueueGet                        0x000009a1   Thumb Code   116  rtx_msgqueue.o(.text.osMessageQueueGet)
    osMessageQueueNew                        0x00000a15   Thumb Code    36  rtx_msgqueue.o(.text.osMessageQueueNew)
    osMessageQueuePut                        0x00000a39   Thumb Code   120  rtx_msgqueue.o(.text.osMessageQueuePut)
    osMutexAcquire                           0x00000ab1   Thumb Code    40  rtx_mutex.o(.text.osMutexAcquire)
    osMutexNew                               0x00000ad9   Thumb Code    36  rtx_mutex.o(.text.osMutexNew)
    osMutexRelease                           0x00000afd   Thumb Code    40  rtx_mutex.o(.text.osMutexRelease)
    osRtxKernelPreInit                       0x00000b25   Thumb Code     2  rtx_kernel.o(.text.osRtxKernelPreInit)
    osRtxMemoryAlloc                         0x00000b27   Thumb Code   124  rtx_memory.o(.text.osRtxMemoryAlloc)
    osRtxMemoryFree                          0x00000ba3   Thumb Code    78  rtx_memory.o(.text.osRtxMemoryFree)
    osRtxMemoryInit                          0x00000bf1   Thumb Code    50  rtx_memory.o(.text.osRtxMemoryInit)
    osRtxMemoryPoolAlloc                     0x00000c23   Thumb Code    46  rtx_mempool.o(.text.osRtxMemoryPoolAlloc)
    osRtxMemoryPoolFree                      0x00000c51   Thumb Code    58  rtx_mempool.o(.text.osRtxMemoryPoolFree)
    osRtxMemoryPoolInit                      0x00000c8b   Thumb Code    62  rtx_mempool.o(.text.osRtxMemoryPoolInit)
    osRtxMutexOwnerRelease                   0x00000d85   Thumb Code    68  rtx_mutex.o(.text.osRtxMutexOwnerRelease)
    osRtxPendSV_Handler                      0x00000dc9   Thumb Code   128  rtx_system.o(.text.osRtxPendSV_Handler)
    osRtxPostProcess                         0x00000e49   Thumb Code   108  rtx_system.o(.text.osRtxPostProcess)
    osRtxThreadDelayTick                     0x00000fb1   Thumb Code    56  rtx_thread.o(.text.osRtxThreadDelayTick)
    osRtxThreadDispatch                      0x00000fe9   Thumb Code    80  rtx_thread.o(.text.osRtxThreadDispatch)
    osRtxThreadListGet                       0x0000108d   Thumb Code    20  rtx_thread.o(.text.osRtxThreadListGet)
    osRtxThreadListPut                       0x000010a1   Thumb Code    44  rtx_thread.o(.text.osRtxThreadListPut)
    osRtxThreadListRemove                    0x000010cd   Thumb Code    24  rtx_thread.o(.text.osRtxThreadListRemove)
    osRtxThreadListSort                      0x000010e5   Thumb Code    38  rtx_thread.o(.text.osRtxThreadListSort)
    osRtxThreadReadyPut                      0x00001131   Thumb Code    24  rtx_thread.o(.text.osRtxThreadReadyPut)
    osRtxThreadRegPtr                        0x00001149   Thumb Code     6  rtx_thread.o(.text.osRtxThreadRegPtr)
    osRtxThreadStackCheck                    0x00001151   Thumb Code    44  rtx_thread.o(.text.osRtxThreadStackCheck)
    osRtxThreadStartup                       0x0000117d   Thumb Code    64  rtx_thread.o(.text.osRtxThreadStartup)
    osRtxThreadSwitch                        0x000011bd   Thumb Code    20  rtx_thread.o(.text.osRtxThreadSwitch)
    osRtxThreadWaitEnter                     0x000011d1   Thumb Code    60  rtx_thread.o(.text.osRtxThreadWaitEnter)
    osRtxThreadWaitExit                      0x0000120d   Thumb Code    34  rtx_thread.o(.text.osRtxThreadWaitExit)
    osRtxTick_Handler                        0x00001231   Thumb Code   116  rtx_system.o(.text.osRtxTick_Handler)
    osRtxTimerThread                         0x000012a5   Thumb Code    60  rtx_timer.o(.text.osRtxTimerThread)
    osThreadExit                             0x00001341   Thumb Code    12  rtx_thread.o(.text.osThreadExit)
    osThreadNew                              0x0000134d   Thumb Code    36  rtx_thread.o(.text.osThreadNew)
    BACKLEDControl                           0x00001cf9   Thumb Code    98  project.o(i.BACKLEDControl)
    BuzzerControl                            0x00001d65   Thumb Code   474  project.o(i.BuzzerControl)
    FRONTLEDControl                          0x00001f61   Thumb Code   244  project.o(i.FRONTLEDControl)
    Q_Init                                   0x00002061   Thumb Code    24  project.o(i.Q_Init)
    SystemInit                               0x00002079   Thumb Code     8  system_mkl25z4.o(i.SystemInit)
    UART2_IRQHandler                         0x00002085   Thumb Code    30  project.o(i.UART2_IRQHandler)
    __ARM_clz                                0x000020ad   Thumb Code    46  depilogue.o(i.__ARM_clz)
    __ARM_common_switch8                     0x000020db   Thumb Code    28  project.o(i.__ARM_common_switch8)
    __scatterload_copy                       0x00002189   Thumb Code    14  handlers.o(i.__scatterload_copy)
    __scatterload_null                       0x00002197   Thumb Code     2  handlers.o(i.__scatterload_null)
    __scatterload_zeroinit                   0x00002199   Thumb Code    14  handlers.o(i.__scatterload_zeroinit)
    initLED                                  0x000021a9   Thumb Code   436  project.o(i.initLED)
    initPWM                                  0x0000236d   Thumb Code   558  project.o(i.initPWM)
    initUART2                                0x000025b9   Thumb Code   192  project.o(i.initUART2)
    main                                     0x0000268d   Thumb Code   126  project.o(i.main)
    mod_value                                0x00002725   Thumb Code    24  project.o(i.mod_value)
    motorControl                             0x0000273d   Thumb Code   862  project.o(i.motorControl)
    offGreen                                 0x00002ac1   Thumb Code    98  project.o(i.offGreen)
    onGreen                                  0x00002b29   Thumb Code   100  project.o(i.onGreen)
    osRtxErrorNotify                         0x00002b91   Thumb Code    32  rtx_config.o(i.osRtxErrorNotify)
    osRtxIdleThread                          0x00002bb1   Thumb Code     4  rtx_config.o(i.osRtxIdleThread)
    osRtxUserSVC                             0x00002ca4   Data           4  rtx_lib.o(.constdata)
    osRtxConfig                              0x00002ca8   Data         104  rtx_lib.o(.rodata)
    os_cb_sections                           0x00002d10   Data          56  rtx_lib.o(.rodata)
    Region$$Table$$Base                      0x00002d54   Number         0  anon$$obj.o(Region$$Table)
    Region$$Table$$Limit                     0x00002d74   Number         0  anon$$obj.o(Region$$Table)
    .bss.os.msgqueue.cb$$Base                0x20000040   Number         0  rtx_lib.o(.bss.os.msgqueue.cb)
    .bss.os.msgqueue.cb$$Limit               0x20000074   Number         0  rtx_lib.o(.bss.os.msgqueue.cb)
    .bss.os.thread.cb$$Base                  0x200000c4   Number         0  rtx_lib.o(.bss.os.thread.cb)
    .bss.os.thread.cb$$Limit                 0x2000014c   Number         0  rtx_lib.o(.bss.os.thread.cb)
    myMutex                                  0x20000350   Data           4  project.o(.data)
    data                                     0x20000354   Data           1  project.o(.data)
    power                                    0x20000358   Data           4  project.o(.data)
    curvature                                0x2000035c   Data           4  project.o(.data)
    end                                      0x20000360   Data           1  project.o(.data)
    duration                                 0x20000364   Data         812  project.o(.data)
    beep_notes                               0x20000690   Data          16  project.o(.data)
    beep_duration                            0x200006a0   Data          16  project.o(.data)
    firstSongNotes                           0x200006b0   Data         508  project.o(.data)
    finalSongNotes                           0x200008ac   Data         812  project.o(.data)
    duration_first                           0x20000bd8   Data         508  project.o(.data)
    delay_first                              0x20000dd4   Data         508  project.o(.data)
    check                                    0x20000fd0   Data           4  project.o(.data)
    SystemCoreClock                          0x20000fd4   Data           4  system_mkl25z4.o(.data)
    osRtxInfo                                0x20000fd8   Data         164  rtx_kernel.o(.data.os)
    TxQ                                      0x2000107c   Data          44  project.o(.bss)
    RxQ                                      0x200010a8   Data          44  project.o(.bss)
    __initial_sp                             0x200011d8   Data           0  startup_mkl25z4.o(STACK)



==============================================================================

Memory Map of the image

  Image Entry point : 0x000000d5

  Load Region LR_1 (Base: 0x00000000, Size: 0x00004df0, Max: 0xffffffff, ABSOLUTE, COMPRESSED[0x00002f94])

    Execution Region ER_RO (Exec base: 0x00000000, Load base: 0x00000000, Size: 0x00002d74, Max: 0xffffffff, ABSOLUTE)

    Exec Addr    Load Addr    Size         Type   Attr      Idx    E Section Name        Object

    0x00000000   0x00000000   0x000000c0   Data   RO          386    RESET               startup_mkl25z4.o
    0x000000c0   0x000000c0   0x00000000   Code   RO          932  * .ARM.Collect$$$$00000000  mc_p.l(entry.o)
    0x000000c0   0x000000c0   0x00000004   Code   RO          963    .ARM.Collect$$$$00000001  mc_p.l(entry2.o)
    0x000000c4   0x000000c4   0x00000004   Code   RO          966    .ARM.Collect$$$$00000004  mc_p.l(entry5.o)
    0x000000c8   0x000000c8   0x00000000   Code   RO          968    .ARM.Collect$$$$00000008  mc_p.l(entry7b.o)
    0x000000c8   0x000000c8   0x00000000   Code   RO          970    .ARM.Collect$$$$0000000A  mc_p.l(entry8b.o)
    0x000000c8   0x000000c8   0x00000008   Code   RO          971    .ARM.Collect$$$$0000000B  mc_p.l(entry9a.o)
    0x000000d0   0x000000d0   0x00000000   Code   RO          973    .ARM.Collect$$$$0000000D  mc_p.l(entry10a.o)
    0x000000d0   0x000000d0   0x00000000   Code   RO          975    .ARM.Collect$$$$0000000F  mc_p.l(entry11a.o)
    0x000000d0   0x000000d0   0x00000004   Code   RO          964    .ARM.Collect$$$$00002712  mc_p.l(entry2.o)
    0x000000d4   0x000000d4   0x00000028   Code   RO          388  * .text               startup_mkl25z4.o
    0x000000fc   0x000000fc   0x000000a4   Code   RO          870    .text               RTX_CM0.lib(irq_cm0.o)
    0x000001a0   0x000001a0   0x0000002c   Code   RO          935    .text               mc_p.l(uidiv.o)
    0x000001cc   0x000001cc   0x00000028   Code   RO          937    .text               mc_p.l(idiv.o)
    0x000001f4   0x000001f4   0x00000024   Code   RO          939    .text               mc_p.l(memcpya.o)
    0x00000218   0x00000218   0x00000024   Code   RO          941    .text               mc_p.l(memseta.o)
    0x0000023c   0x0000023c   0x000000b2   Code   RO          945    .text               mf_p.l(fadd.o)
    0x000002ee   0x000002ee   0x0000007a   Code   RO          947    .text               mf_p.l(fmul.o)
    0x00000368   0x00000368   0x00000016   Code   RO          951    .text               mf_p.l(fflti.o)
    0x0000037e   0x0000037e   0x0000000e   Code   RO          953    .text               mf_p.l(ffltui.o)
    0x0000038c   0x0000038c   0x00000028   Code   RO          955    .text               mf_p.l(dflti.o)
    0x000003b4   0x000003b4   0x00000028   Code   RO          957    .text               mf_p.l(ffixui.o)
    0x000003dc   0x000003dc   0x00000000   Code   RO          977    .text               mc_p.l(iusefp.o)
    0x000003dc   0x000003dc   0x00000024   Code   RO          984    .text               mc_p.l(init.o)
    0x00000400   0x00000400   0x00000010   Code   RO          387    .ARM.__at_0x400     startup_mkl25z4.o
    0x00000410   0x00000410   0x000000f0   Code   RO          949    .text               mf_p.l(ddiv.o)
    0x00000500   0x00000500   0x00000028   Code   RO          959    .text               mf_p.l(f2d.o)
    0x00000528   0x00000528   0x00000038   Code   RO          961    .text               mf_p.l(d2f.o)
    0x00000560   0x00000560   0x00000082   Code   RO          978    .text               mf_p.l(fepilogue.o)
    0x000005e2   0x000005e2   0x000000be   Code   RO          980    .text               mf_p.l(depilogue.o)
    0x000006a0   0x000006a0   0x00000020   Code   RO          986    .text               mc_p.l(llshl.o)
    0x000006c0   0x000006c0   0x00000022   Code   RO          988    .text               mc_p.l(llushr.o)
    0x000006e2   0x000006e2   0x00000056   Code   RO          998    .text               mc_p.l(__dczerorl2.o)
    0x00000738   0x00000738   0x0000004c   Code   RO          853    .text.MessageQueueGet  RTX_CM0.lib(rtx_msgqueue.o)
    0x00000784   0x00000784   0x00000062   Code   RO          847    .text.MessageQueuePut  RTX_CM0.lib(rtx_msgqueue.o)
    0x000007e6   0x000007e6   0x0000001e   Code   RO          845    .text.MessageQueueRemove  RTX_CM0.lib(rtx_msgqueue.o)
    0x00000804   0x00000804   0x0000000c   Code   RO          911    .text.OS_Tick_AcknowledgeIRQ  RTX_CM0.lib(os_systick.o)
    0x00000810   0x00000810   0x0000002c   Code   RO          907    .text.OS_Tick_Enable  RTX_CM0.lib(os_systick.o)
    0x0000083c   0x0000083c   0x00000006   Code   RO          913    .text.OS_Tick_GetIRQn  RTX_CM0.lib(os_systick.o)
    0x00000842   0x00000842   0x00000002   PAD
    0x00000844   0x00000844   0x0000004c   Code   RO          905    .text.OS_Tick_Setup  RTX_CM0.lib(os_systick.o)
    0x00000890   0x00000890   0x0000004e   Code   RO          575    .text.ThreadFlagsCheck  RTX_CM0.lib(rtx_thread.o)
    0x000008de   0x000008de   0x00000002   PAD
    0x000008e0   0x000008e0   0x0000004c   Code   RO          661    .text.TimerInsert   RTX_CM0.lib(rtx_timer.o)
    0x0000092c   0x0000092c   0x00000028   Code   RO          628    .text.osDelay       RTX_CM0.lib(rtx_delay.o)
    0x00000954   0x00000954   0x00000028   Code   RO          432    .text.osKernelInitialize  RTX_CM0.lib(rtx_kernel.o)
    0x0000097c   0x0000097c   0x00000024   Code   RO          442    .text.osKernelStart  RTX_CM0.lib(rtx_kernel.o)
    0x000009a0   0x000009a0   0x00000074   Code   RO          819    .text.osMessageQueueGet  RTX_CM0.lib(rtx_msgqueue.o)
    0x00000a14   0x00000a14   0x00000024   Code   RO          813    .text.osMessageQueueNew  RTX_CM0.lib(rtx_msgqueue.o)
    0x00000a38   0x00000a38   0x00000078   Code   RO          817    .text.osMessageQueuePut  RTX_CM0.lib(rtx_msgqueue.o)
    0x00000ab0   0x00000ab0   0x00000028   Code   RO          692    .text.osMutexAcquire  RTX_CM0.lib(rtx_mutex.o)
    0x00000ad8   0x00000ad8   0x00000024   Code   RO          688    .text.osMutexNew    RTX_CM0.lib(rtx_mutex.o)
    0x00000afc   0x00000afc   0x00000028   Code   RO          694    .text.osMutexRelease  RTX_CM0.lib(rtx_mutex.o)
    0x00000b24   0x00000b24   0x00000002   Code   RO          430    .text.osRtxKernelPreInit  RTX_CM0.lib(rtx_kernel.o)
    0x00000b26   0x00000b26   0x0000007c   Code   RO          877    .text.osRtxMemoryAlloc  RTX_CM0.lib(rtx_memory.o)
    0x00000ba2   0x00000ba2   0x0000004e   Code   RO          879    .text.osRtxMemoryFree  RTX_CM0.lib(rtx_memory.o)
    0x00000bf0   0x00000bf0   0x00000032   Code   RO          875    .text.osRtxMemoryInit  RTX_CM0.lib(rtx_memory.o)
    0x00000c22   0x00000c22   0x0000002e   Code   RO          762    .text.osRtxMemoryPoolAlloc  RTX_CM0.lib(rtx_mempool.o)
    0x00000c50   0x00000c50   0x0000003a   Code   RO          764    .text.osRtxMemoryPoolFree  RTX_CM0.lib(rtx_mempool.o)
    0x00000c8a   0x00000c8a   0x0000003e   Code   RO          760    .text.osRtxMemoryPoolInit  RTX_CM0.lib(rtx_mempool.o)
    0x00000cc8   0x00000cc8   0x000000bc   Code   RO          843    .text.osRtxMessageQueuePostProcess  RTX_CM0.lib(rtx_msgqueue.o)
    0x00000d84   0x00000d84   0x00000044   Code   RO          686    .text.osRtxMutexOwnerRelease  RTX_CM0.lib(rtx_mutex.o)
    0x00000dc8   0x00000dc8   0x00000080   Code   RO          892    .text.osRtxPendSV_Handler  RTX_CM0.lib(rtx_system.o)
    0x00000e48   0x00000e48   0x0000006c   Code   RO          894    .text.osRtxPostProcess  RTX_CM0.lib(rtx_system.o)
    0x00000eb4   0x00000eb4   0x00000038   Code   RO          515    .text.osRtxThreadBlock  RTX_CM0.lib(rtx_thread.o)
    0x00000eec   0x00000eec   0x00000080   Code   RO          523    .text.osRtxThreadDelayInsert  RTX_CM0.lib(rtx_thread.o)
    0x00000f6c   0x00000f6c   0x00000044   Code   RO          519    .text.osRtxThreadDelayRemove  RTX_CM0.lib(rtx_thread.o)
    0x00000fb0   0x00000fb0   0x00000038   Code   RO          505    .text.osRtxThreadDelayTick  RTX_CM0.lib(rtx_thread.o)
    0x00000fe8   0x00000fe8   0x00000050   Code   RO          513    .text.osRtxThreadDispatch  RTX_CM0.lib(rtx_thread.o)
    0x00001038   0x00001038   0x00000054   Code   RO          599    .text.osRtxThreadFree  RTX_CM0.lib(rtx_thread.o)
    0x0000108c   0x0000108c   0x00000014   Code   RO          497    .text.osRtxThreadListGet  RTX_CM0.lib(rtx_thread.o)
    0x000010a0   0x000010a0   0x0000002c   Code   RO          495    .text.osRtxThreadListPut  RTX_CM0.lib(rtx_thread.o)
    0x000010cc   0x000010cc   0x00000018   Code   RO          501    .text.osRtxThreadListRemove  RTX_CM0.lib(rtx_thread.o)
    0x000010e4   0x000010e4   0x00000026   Code   RO          499    .text.osRtxThreadListSort  RTX_CM0.lib(rtx_thread.o)
    0x0000110a   0x0000110a   0x00000026   Code   RO          573    .text.osRtxThreadPostProcess  RTX_CM0.lib(rtx_thread.o)
    0x00001130   0x00001130   0x00000018   Code   RO          503    .text.osRtxThreadReadyPut  RTX_CM0.lib(rtx_thread.o)
    0x00001148   0x00001148   0x00000006   Code   RO          507    .text.osRtxThreadRegPtr  RTX_CM0.lib(rtx_thread.o)
    0x0000114e   0x0000114e   0x00000002   PAD
    0x00001150   0x00001150   0x0000002c   Code   RO          511    .text.osRtxThreadStackCheck  RTX_CM0.lib(rtx_thread.o)
    0x0000117c   0x0000117c   0x00000040   Code   RO          525    .text.osRtxThreadStartup  RTX_CM0.lib(rtx_thread.o)
    0x000011bc   0x000011bc   0x00000014   Code   RO          509    .text.osRtxThreadSwitch  RTX_CM0.lib(rtx_thread.o)
    0x000011d0   0x000011d0   0x0000003c   Code   RO          521    .text.osRtxThreadWaitEnter  RTX_CM0.lib(rtx_thread.o)
    0x0000120c   0x0000120c   0x00000022   Code   RO          517    .text.osRtxThreadWaitExit  RTX_CM0.lib(rtx_thread.o)
    0x0000122e   0x0000122e   0x00000002   PAD
    0x00001230   0x00001230   0x00000074   Code   RO          890    .text.osRtxTick_Handler  RTX_CM0.lib(rtx_system.o)
    0x000012a4   0x000012a4   0x0000003c   Code   RO          645    .text.osRtxTimerThread  RTX_CM0.lib(rtx_timer.o)
    0x000012e0   0x000012e0   0x00000060   Code   RO          647    .text.osRtxTimerTick  RTX_CM0.lib(rtx_timer.o)
    0x00001340   0x00001340   0x0000000c   Code   RO          557    .text.osThreadExit  RTX_CM0.lib(rtx_thread.o)
    0x0000134c   0x0000134c   0x00000024   Code   RO          529    .text.osThreadNew   RTX_CM0.lib(rtx_thread.o)
    0x00001370   0x00001370   0x00000012   Code   RO          632    .text.svcRtxDelay   RTX_CM0.lib(rtx_delay.o)
    0x00001382   0x00001382   0x00000002   PAD
    0x00001384   0x00001384   0x00000148   Code   RO          470    .text.svcRtxKernelInitialize  RTX_CM0.lib(rtx_kernel.o)
    0x000014cc   0x000014cc   0x00000084   Code   RO          472    .text.svcRtxKernelStart  RTX_CM0.lib(rtx_kernel.o)
    0x00001550   0x00001550   0x000000e8   Code   RO          855    .text.svcRtxMessageQueueGet  RTX_CM0.lib(rtx_msgqueue.o)
    0x00001638   0x00001638   0x000001e4   Code   RO          841    .text.svcRtxMessageQueueNew  RTX_CM0.lib(rtx_msgqueue.o)
    0x0000181c   0x0000181c   0x000000bc   Code   RO          851    .text.svcRtxMessageQueuePut  RTX_CM0.lib(rtx_msgqueue.o)
    0x000018d8   0x000018d8   0x00000098   Code   RO          704    .text.svcRtxMutexAcquire  RTX_CM0.lib(rtx_mutex.o)
    0x00001970   0x00001970   0x00000070   Code   RO          700    .text.svcRtxMutexNew  RTX_CM0.lib(rtx_mutex.o)
    0x000019e0   0x000019e0   0x000000c0   Code   RO          706    .text.svcRtxMutexRelease  RTX_CM0.lib(rtx_mutex.o)
    0x00001aa0   0x00001aa0   0x0000006c   Code   RO          603    .text.svcRtxThreadExit  RTX_CM0.lib(rtx_thread.o)
    0x00001b0c   0x00001b0c   0x000001ec   Code   RO          527    .text.svcRtxThreadNew  RTX_CM0.lib(rtx_thread.o)
    0x00001cf8   0x00001cf8   0x0000006c   Code   RO            3    i.BACKLEDControl    project.o
    0x00001d64   0x00001d64   0x000001fc   Code   RO            4    i.BuzzerControl     project.o
    0x00001f60   0x00001f60   0x00000100   Code   RO            5    i.FRONTLEDControl   project.o
    0x00002060   0x00002060   0x00000018   Code   RO           10    i.Q_Init            project.o
    0x00002078   0x00002078   0x0000000c   Code   RO          397    i.SystemInit        system_mkl25z4.o
    0x00002084   0x00002084   0x00000028   Code   RO           11    i.UART2_IRQHandler  project.o
    0x000020ac   0x000020ac   0x0000002e   Code   RO          982    i.__ARM_clz         mf_p.l(depilogue.o)
    0x000020da   0x000020da   0x0000001c   Code   RO          130    i.__ARM_common_switch8  project.o
    0x000020f6   0x000020f6   0x00000002   PAD
    0x000020f8   0x000020f8   0x00000018   Code   RO           12    i.__NVIC_ClearPendingIRQ  project.o
    0x00002110   0x00002110   0x00000078   Code   RO           13    i.__NVIC_SetPriority  project.o
    0x00002188   0x00002188   0x0000000e   Code   RO          992    i.__scatterload_copy  mc_p.l(handlers.o)
    0x00002196   0x00002196   0x00000002   Code   RO          993    i.__scatterload_null  mc_p.l(handlers.o)
    0x00002198   0x00002198   0x0000000e   Code   RO          994    i.__scatterload_zeroinit  mc_p.l(handlers.o)
    0x000021a6   0x000021a6   0x00000002   PAD
    0x000021a8   0x000021a8   0x000001c4   Code   RO           14    i.initLED           project.o
    0x0000236c   0x0000236c   0x0000024c   Code   RO           15    i.initPWM           project.o
    0x000025b8   0x000025b8   0x000000d4   Code   RO           16    i.initUART2         project.o
    0x0000268c   0x0000268c   0x00000098   Code   RO           17    i.main              project.o
    0x00002724   0x00002724   0x00000018   Code   RO           18    i.mod_value         project.o
    0x0000273c   0x0000273c   0x00000384   Code   RO           19    i.motorControl      project.o
    0x00002ac0   0x00002ac0   0x00000068   Code   RO           20    i.offGreen          project.o
    0x00002b28   0x00002b28   0x00000068   Code   RO           21    i.onGreen           project.o
    0x00002b90   0x00002b90   0x00000020   Code   RO          360    i.osRtxErrorNotify  rtx_config.o
    0x00002bb0   0x00002bb0   0x00000004   Code   RO          361    i.osRtxIdleThread   rtx_config.o
    0x00002bb4   0x00002bb4   0x00000090   Data   RO           23    .constdata          project.o
    0x00002c44   0x00002c44   0x00000064   Data   RO          330    .constdata          rtx_lib.o
    0x00002ca8   0x00002ca8   0x000000a0   Data   RO          332    .rodata             rtx_lib.o
    0x00002d48   0x00002d48   0x0000000b   Data   RO          484    .rodata.str1.4      RTX_CM0.lib(rtx_kernel.o)
    0x00002d53   0x00002d53   0x00000001   PAD
    0x00002d54   0x00002d54   0x00000020   Data   RO          990    Region$$Table       anon$$obj.o


    Execution Region ER_RW (Exec base: 0x1ffff000, Load base: 0x00002d74, Size: 0x0000207c, Max: 0xffffffff, ABSOLUTE, COMPRESSED[0x00000220])

    Exec Addr    Load Addr    Size         Type   Attr      Idx    E Section Name        Object

    0x1ffff000   COMPRESSED   0x00001040   Data   RW          325    .bss.os             rtx_lib.o
    0x20000040   COMPRESSED   0x00000034   Data   RW          326    .bss.os.msgqueue.cb  rtx_lib.o
    0x20000074   COMPRESSED   0x00000050   Data   RW          327    .bss.os.msgqueue.mem  rtx_lib.o
    0x200000c4   COMPRESSED   0x00000088   Data   RW          328    .bss.os.thread.cb   rtx_lib.o
    0x2000014c   COMPRESSED   0x00000004   PAD
    0x20000150   COMPRESSED   0x00000200   Data   RW          329    .bss.os.thread.stack  rtx_lib.o
    0x20000350   COMPRESSED   0x00000c84   Data   RW           24    .data               project.o
    0x20000fd4   COMPRESSED   0x00000004   Data   RW          398    .data               system_mkl25z4.o
    0x20000fd8   COMPRESSED   0x000000a4   Data   RW          485    .data.os            RTX_CM0.lib(rtx_kernel.o)


    Execution Region ER_ZI (Exec base: 0x2000107c, Load base: 0x00002f94, Size: 0x0000015c, Max: 0xffffffff, ABSOLUTE)

    Exec Addr    Load Addr    Size         Type   Attr      Idx    E Section Name        Object

    0x2000107c        -       0x00000058   Zero   RW           22    .bss                project.o
    0x200010d4        -       0x00000001   Zero   RW          923    .bss.PendST         RTX_CM0.lib(os_systick.o)
    0x200010d5   0x00002f94   0x00000003   PAD
    0x200010d8        -       0x00000100   Zero   RW          384    STACK               startup_mkl25z4.o


==============================================================================

Image component sizes


      Code (inc. data)   RO Data    RW Data    ZI Data      Debug   Object Name

      3644        232        144       3204         88     237750   project.o
        36          8          0          0          0        933   rtx_config.o
         0          0        260       4940          0       9178   rtx_lib.o
        56         30        192          0        256        832   startup_mkl25z4.o
        12          4          0          4          0        663   system_mkl25z4.o

    ----------------------------------------------------------------------
      3750        274        628       8152        344     249356   Object Totals
         0          0         32          0          0          0   (incl. Generated)
         2          0          0          4          0          0   (incl. Padding)

    ----------------------------------------------------------------------

      Code (inc. data)   RO Data    RW Data    ZI Data      Debug   Library Member Name

       164          8          0          0          0        496   irq_cm0.o
       138         32          0          0          1       2766   os_systick.o
        58          4          0          0          0       2753   rtx_delay.o
       538         36         11        164          0      16105   rtx_kernel.o
       252          0          0          0          0       2564   rtx_memory.o
       166          0          0          0          0      14282   rtx_mempool.o
      1568         44          0          0          0      17889   rtx_msgqueue.o
       640         24          0          0          0       9201   rtx_mutex.o
       352         26          0          0          0       4635   rtx_system.o
      1614         96          0          0          0      30867   rtx_thread.o
       232         20          0          0          0      10018   rtx_timer.o
        86          0          0          0          0          0   __dczerorl2.o
         0          0          0          0          0          0   entry.o
         0          0          0          0          0          0   entry10a.o
         0          0          0          0          0          0   entry11a.o
         8          4          0          0          0          0   entry2.o
         4          0          0          0          0          0   entry5.o
         0          0          0          0          0          0   entry7b.o
         0          0          0          0          0          0   entry8b.o
         8          4          0          0          0          0   entry9a.o
        30          0          0          0          0          0   handlers.o
        40          0          0          0          0         72   idiv.o
        36          8          0          0          0         68   init.o
         0          0          0          0          0          0   iusefp.o
        32          0          0          0          0         68   llshl.o
        34          0          0          0          0         68   llushr.o
        36          0          0          0          0         60   memcpya.o
        36          0          0          0          0        100   memseta.o
        44          0          0          0          0         72   uidiv.o
        56          0          0          0          0         68   d2f.o
       240          6          0          0          0         84   ddiv.o
       236          0          0          0          0        216   depilogue.o
        40          6          0          0          0         68   dflti.o
        40          0          0          0          0         60   f2d.o
       178          0          0          0          0        108   fadd.o
       130          0          0          0          0        144   fepilogue.o
        40          0          0          0          0         60   ffixui.o
        22          0          0          0          0         68   fflti.o
        14          0          0          0          0         68   ffltui.o
       122          0          0          0          0         72   fmul.o

    ----------------------------------------------------------------------
      7246        318         12        164          4     113100   Library Totals
        12          0          1          0          3          0   (incl. Padding)

    ----------------------------------------------------------------------

      Code (inc. data)   RO Data    RW Data    ZI Data      Debug   Library Name

      5722        290         11        164          1     111576   RTX_CM0.lib
       394         16          0          0          0        508   mc_p.l
      1118         12          0          0          0       1016   mf_p.l

    ----------------------------------------------------------------------
      7246        318         12        164          4     113100   Library Totals

    ----------------------------------------------------------------------

==============================================================================


      Code (inc. data)   RO Data    RW Data    ZI Data      Debug   

     10996        592        640       8316        348     361032   Grand Totals
     10996        592        640        544        348     361032   ELF Image Totals (compressed)
     10996        592        640        544          0          0   ROM Totals

==============================================================================

    Total RO  Size (Code + RO Data)                11636 (  11.36kB)
    Total RW  Size (RW Data + ZI Data)              8664 (   8.46kB)
    Total ROM Size (Code + RO Data + RW Data)      12180 (  11.89kB)

==============================================================================

